../Core/Src/mongoose.c:28:12:mg_b64idx	16	static
../Core/Src/mongoose.c:40:12:mg_b64rev	16	static
../Core/Src/mongoose.c:58:5:mg_base64_update	32	static
../Core/Src/mongoose.c:74:5:mg_base64_final	24	static
../Core/Src/mongoose.c:85:5:mg_base64_encode	32	static
../Core/Src/mongoose.c:92:5:mg_base64_decode	48	static
../Core/Src/mongoose.c:131:13:mg_dns_free	24	static
../Core/Src/mongoose.c:137:6:mg_resolve_cancel	24	static
../Core/Src/mongoose.c:145:15:mg_dns_parse_name_depth	56	static
../Core/Src/mongoose.c:182:15:mg_dns_parse_name	40	static
../Core/Src/mongoose.c:187:8:mg_dns_parse_rr	40	static
../Core/Src/mongoose.c:211:6:mg_dns_parse	56	static
../Core/Src/mongoose.c:249:13:dns_cb	344	static
../Core/Src/mongoose.c:309:13:mg_dns_send	312	static
../Core/Src/mongoose.c:336:13:mg_sendnsreq	56	static
../Core/Src/mongoose.c:368:6:mg_resolve	40	static
../Core/Src/mongoose.c:389:6:mg_call	32	static
../Core/Src/mongoose.c:397:6:mg_error	92	static
../Core/Src/mongoose.c:415:13:is_digit	16	static
../Core/Src/mongoose.c:419:12:addexp	32	static
../Core/Src/mongoose.c:431:12:xisinf	24	static
../Core/Src/mongoose.c:440:12:xisnan	24	static
../Core/Src/mongoose.c:450:15:mg_dtoa	128	static
../Core/Src/mongoose.c:509:15:mg_lld	64	static
../Core/Src/mongoose.c:531:15:scpy	32	static
../Core/Src/mongoose.c:538:8:mg_xprintf	24	static
../Core/Src/mongoose.c:547:8:mg_vxprintf	176	static
../Core/Src/mongoose.c:641:15:mg_fs_open	32	static
../Core/Src/mongoose.c:654:6:mg_fs_close	16	static
../Core/Src/mongoose.c:661:7:mg_file_read	40	static
../Core/Src/mongoose.c:682:6:mg_file_write	144	static
../Core/Src/mongoose.c:701:6:mg_file_printf	32	static
../Core/Src/mongoose.c:873:12:is_dir_prefix	24	static
../Core/Src/mongoose.c:879:12:packed_stat	40	static
../Core/Src/mongoose.c:890:13:packed_list	256	static
../Core/Src/mongoose.c:911:14:packed_open	32	static
../Core/Src/mongoose.c:924:13:packed_close	16	static
../Core/Src/mongoose.c:928:15:packed_read	32	static
../Core/Src/mongoose.c:936:15:packed_write	24	static
../Core/Src/mongoose.c:941:15:packed_seek	24	static
../Core/Src/mongoose.c:948:13:packed_rename	16	static
../Core/Src/mongoose.c:953:13:packed_remove	16	static
../Core/Src/mongoose.c:958:13:packed_mkdir	16	static
../Core/Src/mongoose.c:1186:12:p_stat	24	static
../Core/Src/mongoose.c:1190:13:p_list	24	static
../Core/Src/mongoose.c:1194:14:p_open	16	static
../Core/Src/mongoose.c:1198:13:p_close	16	static
../Core/Src/mongoose.c:1201:15:p_read	24	static
../Core/Src/mongoose.c:1205:15:p_write	24	static
../Core/Src/mongoose.c:1209:15:p_seek	16	static
../Core/Src/mongoose.c:1213:13:p_rename	16	static
../Core/Src/mongoose.c:1217:13:p_remove	16	static
../Core/Src/mongoose.c:1221:13:p_mkdir	16	static
../Core/Src/mongoose.c:1247:6:mg_to_size_t	88	static
../Core/Src/mongoose.c:1277:8:mg_http_next_multipart	112	static
../Core/Src/mongoose.c:1317:6:mg_http_bauth	56	static
../Core/Src/mongoose.c:1343:15:mg_http_var	48	static
../Core/Src/mongoose.c:1354:5:mg_http_get_var	56	static
../Core/Src/mongoose.c:1374:13:isx	16	static
../Core/Src/mongoose.c:1379:5:mg_url_decode	32	static
../Core/Src/mongoose.c:1401:13:isok	16	static
../Core/Src/mongoose.c:1405:5:mg_http_get_request_len	24	static
../Core/Src/mongoose.c:1416:20:skip	24	static
../Core/Src/mongoose.c:1425:16:mg_http_get_header	40	static
../Core/Src/mongoose.c:1434:13:mg_http_parse_headers	56	static
../Core/Src/mongoose.c:1454:5:mg_http_parse	48	static
../Core/Src/mongoose.c:1521:13:mg_http_vprintf_chunk	32	static
../Core/Src/mongoose.c:1534:6:mg_http_printf_chunk	28	static
../Core/Src/mongoose.c:1541:6:mg_http_write_chunk	24	static
../Core/Src/mongoose.c:1549:20:mg_http_status_code_str	16	static
../Core/Src/mongoose.c:1619:6:mg_http_reply	52	static
../Core/Src/mongoose.c:1638:13:restore_http_cb	16	static
../Core/Src/mongoose.c:1646:7:mg_http_etag	48	static
../Core/Src/mongoose.c:1651:13:static_cb	48	static
../Core/Src/mongoose.c:1710:22:guess_content_type	64	static
../Core/Src/mongoose.c:1732:12:getrange	40	static
../Core/Src/mongoose.c:1752:6:mg_http_serve_file	480	static
../Core/Src/mongoose.c:1958:12:uri_to_path2	56	static
../Core/Src/mongoose.c:2015:12:uri_to_path	112	static
../Core/Src/mongoose.c:2029:6:mg_http_serve_dir	152	static
../Core/Src/mongoose.c:2050:13:mg_is_url_safe	16	static
../Core/Src/mongoose.c:2055:8:mg_url_encode	40	static
../Core/Src/mongoose.c:2073:6:mg_http_creds	328	static
../Core/Src/mongoose.c:2095:22:stripquotes	24	static
../Core/Src/mongoose.c:2101:15:mg_http_get_header_var	56	static
../Core/Src/mongoose.c:2118:6:mg_http_match_uri	32	static
../Core/Src/mongoose.c:2122:6:mg_http_upload	72	static
../Core/Src/mongoose.c:2158:5:mg_http_status	16	static
../Core/Src/mongoose.c:2174:13:getchunk	40	static
../Core/Src/mongoose.c:2187:13:mg_is_chunked	24	static
../Core/Src/mongoose.c:2193:6:mg_http_delete_chunk	24	static
../Core/Src/mongoose.c:2199:13:deliver_chunked_chunks	96	static
../Core/Src/mongoose.c:2235:13:deliver_normal_chunks	56	static
../Core/Src/mongoose.c:2259:13:http_cb	584	static
../Core/Src/mongoose.c:2292:13:mg_hfn	40	static
../Core/Src/mongoose.c:2311:6:mg_hello	88	static
../Core/Src/mongoose.c:2320:23:mg_http_connect	32	static
../Core/Src/mongoose.c:2327:23:mg_http_listen	32	static
../Core/Src/mongoose.c:2343:13:zeromem	16	static
../Core/Src/mongoose.c:2349:15:roundup	16	static
../Core/Src/mongoose.c:2353:5:mg_iobuf_resize	56	static
../Core/Src/mongoose.c:2380:5:mg_iobuf_init	24	static
../Core/Src/mongoose.c:2387:8:mg_iobuf_add	32	static
../Core/Src/mongoose.c:2399:8:mg_iobuf_del	24	static
../Core/Src/mongoose.c:2408:6:mg_iobuf_free	16	static
../Core/Src/mongoose.c:2419:20:escapeseq	16	static
../Core/Src/mongoose.c:2423:13:json_esc	32	static
../Core/Src/mongoose.c:2431:12:mg_pass_string	24	static
../Core/Src/mongoose.c:2445:15:mg_atod	72	static
../Core/Src/mongoose.c:2491:5:mg_json_get	120	static
../Core/Src/mongoose.c:2630:6:mg_json_get_num	48	static
../Core/Src/mongoose.c:2640:6:mg_json_get_bool	40	static
../Core/Src/mongoose.c:2649:6:mg_json_unescape	48	static
../Core/Src/mongoose.c:2674:7:mg_json_get_str	48	static
../Core/Src/mongoose.c:2688:7:mg_json_get_b64	48	static
../Core/Src/mongoose.c:2699:7:mg_json_get_hex	48	static
../Core/Src/mongoose.c:2711:6:mg_json_get_long	48	static
../Core/Src/mongoose.c:2730:6:mg_log_set_fn	16	static
../Core/Src/mongoose.c:2735:13:logc	16	static
../Core/Src/mongoose.c:2739:13:logs	24	static
../Core/Src/mongoose.c:2744:6:mg_log_set	16	static
../Core/Src/mongoose.c:2749:6:mg_log_prefix	112	static
../Core/Src/mongoose.c:2766:6:mg_log	16	static
../Core/Src/mongoose.c:2774:22:nibble	16	static
../Core/Src/mongoose.c:2779:6:mg_hexdump	48	static
../Core/Src/mongoose.c:2807:13:mg_byte_reverse	24	static
../Core/Src/mongoose.c:2832:6:mg_md5_init	16	static
../Core/Src/mongoose.c:2842:13:mg_md5_transform	32	static
../Core/Src/mongoose.c:2924:6:mg_md5_update	32	static
../Core/Src/mongoose.c:2959:6:mg_md5_final	32	static
../Core/Src/mongoose.c:3041:6:mg_mqtt_send_header	40	static
../Core/Src/mongoose.c:3054:13:mg_send_u16	16	static
../Core/Src/mongoose.c:3058:13:mg_send_u32	16	static
../Core/Src/mongoose.c:3062:16:compute_variable_length_size	24	static
../Core/Src/mongoose.c:3071:12:encode_variable_length	24	static
../Core/Src/mongoose.c:3084:15:decode_varint	40	static
../Core/Src/mongoose.c:3100:12:mqtt_prop_type_by_id	24	static
../Core/Src/mongoose.c:3110:15:get_properties_length	24	static
../Core/Src/mongoose.c:3147:15:get_props_size	24	static
../Core/Src/mongoose.c:3153:13:mg_send_mqtt_properties	48	static
../Core/Src/mongoose.c:3195:8:mg_mqtt_next_prop	40	static
../Core/Src/mongoose.c:3249:6:mg_mqtt_login	72	static
../Core/Src/mongoose.c:3315:6:mg_mqtt_pub	40	static
../Core/Src/mongoose.c:3337:6:mg_mqtt_sub	32	static
../Core/Src/mongoose.c:3352:5:mg_mqtt_parse	48	static
../Core/Src/mongoose.c:3422:13:mqtt_cb	112	static
../Core/Src/mongoose.c:3494:6:mg_mqtt_ping	16	static
../Core/Src/mongoose.c:3498:6:mg_mqtt_pong	16	static
../Core/Src/mongoose.c:3502:6:mg_mqtt_disconnect	24	static
../Core/Src/mongoose.c:3515:23:mg_mqtt_connect	96	static
../Core/Src/mongoose.c:3528:23:mg_mqtt_listen	32	static
../Core/Src/mongoose.c:3546:8:mg_vprintf	32	static
../Core/Src/mongoose.c:3552:8:mg_printf	28	static
../Core/Src/mongoose.c:3561:13:mg_atonl	32	static
../Core/Src/mongoose.c:3569:13:mg_atone	24	static
../Core/Src/mongoose.c:3576:13:mg_aton4	40	static
../Core/Src/mongoose.c:3597:13:mg_v4mapped	40	static
../Core/Src/mongoose.c:3615:13:mg_aton6	48	static
../Core/Src/mongoose.c:3653:6:mg_aton	24	static
../Core/Src/mongoose.c:3659:23:mg_alloc_conn	24	static
../Core/Src/mongoose.c:3670:6:mg_close_conn	24	static
../Core/Src/mongoose.c:3687:23:mg_connect	32	static
../Core/Src/mongoose.c:3708:23:mg_listen	32	static
../Core/Src/mongoose.c:3729:23:mg_wrapfd	32	static
../Core/Src/mongoose.c:3743:18:mg_timer_add	48	static
../Core/Src/mongoose.c:3753:6:mg_mgr_free	32	static
../Core/Src/mongoose.c:3769:6:mg_mgr_init	16	static
../Core/Src/mongoose.c:3799:8:mg_queue_vprintf	32	static
../Core/Src/mongoose.c:3811:8:mg_queue_printf	28	static
../Core/Src/mongoose.c:3820:13:mg_pfn_iobuf_private	24	static
../Core/Src/mongoose.c:3831:13:mg_putchar_iobuf_static	16	static
../Core/Src/mongoose.c:3835:6:mg_pfn_iobuf	16	static
../Core/Src/mongoose.c:3839:8:mg_vsnprintf	48	static
../Core/Src/mongoose.c:3846:8:mg_snprintf	24	static
../Core/Src/mongoose.c:3855:7:mg_vmprintf	32	static
../Core/Src/mongoose.c:3861:7:mg_mprintf	16	static
../Core/Src/mongoose.c:3870:6:mg_pfn_stdout	16	static
../Core/Src/mongoose.c:3875:15:print_ip4	40	static
../Core/Src/mongoose.c:3879:15:print_ip6	80	static
../Core/Src/mongoose.c:3886:8:mg_print_ip4	32	static
../Core/Src/mongoose.c:3891:8:mg_print_ip6	32	static
../Core/Src/mongoose.c:3896:8:mg_print_ip	32	static
../Core/Src/mongoose.c:3902:8:mg_print_ip_port	40	static
../Core/Src/mongoose.c:3907:8:mg_print_mac	64	static
../Core/Src/mongoose.c:3913:13:mg_esc	32	static
../Core/Src/mongoose.c:3921:13:mg_escape	16	static
../Core/Src/mongoose.c:3925:15:qcpy	40	static
../Core/Src/mongoose.c:3939:15:bcpy	48	static
../Core/Src/mongoose.c:3956:8:mg_print_hex	40	static
../Core/Src/mongoose.c:3967:8:mg_print_base64	32	static
../Core/Src/mongoose.c:3973:8:mg_print_esc	32	static
../Core/Src/mongoose.c:4007:6:mg_queue_init	24	static
../Core/Src/mongoose.c:4013:15:mg_queue_read_len	24	static
../Core/Src/mongoose.c:4021:13:mg_queue_write_len	24	static
../Core/Src/mongoose.c:4027:8:mg_queue_book	32	static
../Core/Src/mongoose.c:4040:8:mg_queue_next	24	static
../Core/Src/mongoose.c:4054:6:mg_queue_add	16	static
../Core/Src/mongoose.c:4061:6:mg_queue_del	16	static
../Core/Src/mongoose.c:4072:6:mg_rpc_add	48	static
../Core/Src/mongoose.c:4081:6:mg_rpc_del	24	static
../Core/Src/mongoose.c:4094:13:mg_rpc_call	40	static
../Core/Src/mongoose.c:4105:6:mg_rpc_process	48	static
../Core/Src/mongoose.c:4119:6:mg_rpc_vok	72	static
../Core/Src/mongoose.c:4129:6:mg_rpc_ok	28	static
../Core/Src/mongoose.c:4136:6:mg_rpc_verr	80	static
../Core/Src/mongoose.c:4149:6:mg_rpc_err	24	static
../Core/Src/mongoose.c:4156:15:print_methods	56	static
../Core/Src/mongoose.c:4167:6:mg_rpc_list	16	static
../Core/Src/mongoose.c:4186:17:blk0	16	static
../Core/Src/mongoose.c:4223:13:mg_sha1_transform	112	static
../Core/Src/mongoose.c:4330:6:mg_sha1_init	16	static
../Core/Src/mongoose.c:4339:6:mg_sha1_update	32	static
../Core/Src/mongoose.c:4359:6:mg_sha1_final	32	static
../Core/Src/mongoose.c:4395:16:gettimestamp	56	static
../Core/Src/mongoose.c:4401:9:mg_sntp_parse	144	static
../Core/Src/mongoose.c:4426:13:sntp_cb	40	static
../Core/Src/mongoose.c:4444:6:mg_sntp_request	96	static
../Core/Src/mongoose.c:4459:23:mg_sntp_connect	32	static
../Core/Src/mongoose.c:5223:6:mg_http_serve_ssi	24	static
../Core/Src/mongoose.c:5235:15:mg_str_s	24	static
../Core/Src/mongoose.c:5240:15:mg_str_n	32	static
../Core/Src/mongoose.c:5245:5:mg_lower	24	static
../Core/Src/mongoose.c:5251:5:mg_ncasecmp	40	static
../Core/Src/mongoose.c:5259:5:mg_casecmp	16	static
../Core/Src/mongoose.c:5263:5:mg_vcmp	32	static
../Core/Src/mongoose.c:5270:5:mg_vcasecmp	32	static
../Core/Src/mongoose.c:5277:15:mg_strdup	40	static
../Core/Src/mongoose.c:5291:5:mg_strcmp	40	static
../Core/Src/mongoose.c:5305:13:mg_strstr	40	static
../Core/Src/mongoose.c:5318:13:is_space	16	static
../Core/Src/mongoose.c:5322:15:mg_strstrip	24	static
../Core/Src/mongoose.c:5328:6:mg_match	40	static
../Core/Src/mongoose.c:5360:6:mg_globmatch	48	static
../Core/Src/mongoose.c:5364:15:mg_nce	32	static
../Core/Src/mongoose.c:5377:6:mg_split	80	static
../Core/Src/mongoose.c:5387:6:mg_commalist	24	static
../Core/Src/mongoose.c:5391:7:mg_hex	40	static
../Core/Src/mongoose.c:5403:22:mg_unhex_nimble	16	static
../Core/Src/mongoose.c:5409:15:mg_unhexn	24	static
../Core/Src/mongoose.c:5415:6:mg_unhex	32	static
../Core/Src/mongoose.c:5422:6:mg_path_is_sane	24	static
../Core/Src/mongoose.c:5440:6:mg_timer_init	24	static
../Core/Src/mongoose.c:5447:6:mg_timer_free	16	static
../Core/Src/mongoose.c:5453:6:mg_timer_expired	56	static
../Core/Src/mongoose.c:5461:6:mg_timer_poll	56	static
../Core/Src/mongoose.c:5482:6:mg_tls_init	16	static
../Core/Src/mongoose.c:5486:6:mg_tls_handshake	16	static
../Core/Src/mongoose.c:5489:6:mg_tls_free	16	static
../Core/Src/mongoose.c:5492:6:mg_tls_recv	24	static
../Core/Src/mongoose.c:5495:6:mg_tls_send	24	static
../Core/Src/mongoose.c:5498:8:mg_tls_pending	16	static
../Core/Src/mongoose.c:5882:5:mg_url_is_ssl	16	static
../Core/Src/mongoose.c:5888:19:urlparse	56	static
../Core/Src/mongoose.c:5916:15:mg_url_host	56	static
../Core/Src/mongoose.c:5925:13:mg_url_uri	48	static
../Core/Src/mongoose.c:5930:16:mg_url_port	48	static
../Core/Src/mongoose.c:5942:15:mg_url_user	64	static
../Core/Src/mongoose.c:5952:15:mg_url_pass	64	static
../Core/Src/mongoose.c:5988:7:mg_random_str	24	static
../Core/Src/mongoose.c:6001:10:mg_ntohl	24	static
../Core/Src/mongoose.c:6008:10:mg_ntohs	24	static
../Core/Src/mongoose.c:6014:10:mg_crc32	32	static
../Core/Src/mongoose.c:6029:12:isbyte	16	static
../Core/Src/mongoose.c:6033:12:parse_net	72	static
../Core/Src/mongoose.c:6047:5:mg_check_ip_acl	56	static
../Core/Src/mongoose.c:6129:8:mg_ws_vprintf	32	static
../Core/Src/mongoose.c:6137:8:mg_ws_printf	24	static
../Core/Src/mongoose.c:6146:13:ws_handshake	176	static
../Core/Src/mongoose.c:6172:17:be32	16	static
../Core/Src/mongoose.c:6177:15:ws_process	56	static
../Core/Src/mongoose.c:6207:15:mkhdr	48	static
../Core/Src/mongoose.c:6235:13:mg_ws_mask	32	static
../Core/Src/mongoose.c:6243:8:mg_ws_send	48	static
../Core/Src/mongoose.c:6254:13:mg_ws_client_handshake	568	static
../Core/Src/mongoose.c:6274:13:mg_ws_cb	72	static
../Core/Src/mongoose.c:6345:23:mg_ws_connect	112	static
../Core/Src/mongoose.c:6375:6:mg_ws_upgrade	40	static
../Core/Src/mongoose.c:6395:8:mg_ws_wrap	48	static
../Core/Src/mongoose.c:6971:17:eth_read_phy	16	static
../Core/Src/mongoose.c:6979:13:eth_write_phy	16	static
../Core/Src/mongoose.c:6987:17:get_hclk	96	static
../Core/Src/mongoose.c:7047:12:guess_mdc_cr	40	static
../Core/Src/mongoose.c:7063:13:mg_tcpip_driver_stm32h_init	32	static
../Core/Src/mongoose.c:7124:15:mg_tcpip_driver_stm32h_tx	40	static
../Core/Src/mongoose.c:7147:13:mg_tcpip_driver_stm32h_up	32	static
../Core/Src/mongoose.c:7164:6:ETH_IRQHandler	16	static
../Core/Src/mongoose.c:7453:13:w5500_txn	32	static
../Core/Src/mongoose.c:7468:14:w5500_wn	32	static
../Core/Src/mongoose.c:7469:14:w5500_w1	24	static
../Core/Src/mongoose.c:7470:14:w5500_w2	40	static
../Core/Src/mongoose.c:7471:14:w5500_rn	32	static
../Core/Src/mongoose.c:7472:17:w5500_r1	32	static
../Core/Src/mongoose.c:7473:18:w5500_r2	32	static
../Core/Src/mongoose.c:7476:15:w5500_rx	48	static
../Core/Src/mongoose.c:7495:15:w5500_tx	48	static
../Core/Src/mongoose.c:7514:13:w5500_init	24	static
../Core/Src/mongoose.c:7528:13:w5500_up	24	static
../Core/Src/mongoose.c:7670:13:mkpay	32	static
../Core/Src/mongoose.c:7675:17:csumup	32	static
../Core/Src/mongoose.c:7681:17:csumfin	16	static
../Core/Src/mongoose.c:7686:17:ipcsum	24	static
../Core/Src/mongoose.c:7691:15:ether_output	24	static
../Core/Src/mongoose.c:7700:13:arp_ask	24	static
../Core/Src/mongoose.c:7714:13:onstatechange	16	static
../Core/Src/mongoose.c:7728:19:tx_ip	32	static
../Core/Src/mongoose.c:7748:13:tx_udp	48	static
../Core/Src/mongoose.c:7770:13:tx_dhcp	320	static
../Core/Src/mongoose.c:7787:13:tx_dhcp_request_sel	80	static
../Core/Src/mongoose.c:7804:13:tx_dhcp_request_re	48	static
../Core/Src/mongoose.c:7814:13:tx_dhcp_discover	40	static
../Core/Src/mongoose.c:7824:30:getpeer	32	static
../Core/Src/mongoose.c:7836:13:rx_arp	48	static
../Core/Src/mongoose.c:7873:13:rx_icmp	48	static
../Core/Src/mongoose.c:7889:13:rx_dhcp_client	88	static
../Core/Src/mongoose.c:7938:13:rx_dhcp_server	368	static
../Core/Src/mongoose.c:7974:13:rx_udp	24	static
../Core/Src/mongoose.c:7996:15:tx_tcp	88	static
../Core/Src/mongoose.c:8025:15:tx_tcp_pkt	72	static
../Core/Src/mongoose.c:8034:13:settmout	56	static
../Core/Src/mongoose.c:8043:30:accept_conn	32	static
../Core/Src/mongoose.c:8070:6:mg_io_send	96	static
../Core/Src/mongoose.c:8096:6:mg_io_recv	32	static
../Core/Src/mongoose.c:8106:13:read_conn	56	static
../Core/Src/mongoose.c:8175:13:rx_tcp	48	static
../Core/Src/mongoose.c:8223:13:rx_ip	56	static
../Core/Src/mongoose.c:8261:13:rx_ip6	16	static
../Core/Src/mongoose.c:8277:13:mg_tcpip_rx	88	static
../Core/Src/mongoose.c:8320:13:mg_tcpip_poll	104	static
../Core/Src/mongoose.c:8397:6:mg_tcpip_qwrite	32	static
../Core/Src/mongoose.c:8408:6:mg_tcpip_init	24	static
../Core/Src/mongoose.c:8438:6:mg_tcpip_free	16	static
../Core/Src/mongoose.c:8443:5:mg_mkpipe	24	static
../Core/Src/mongoose.c:8449:13:send_syn	64	static
../Core/Src/mongoose.c:8459:6:mg_connect_resolved	48	static
../Core/Src/mongoose.c:8496:6:mg_open_listener	16	static
../Core/Src/mongoose.c:8501:13:write_conn	24	static
../Core/Src/mongoose.c:8510:13:close_conn	80	static
../Core/Src/mongoose.c:8524:13:can_write	16	static
../Core/Src/mongoose.c:8529:6:mg_mgr_poll	56	static
../Core/Src/mongoose.c:8548:6:mg_send	64	static
