Archive member included to satisfy reference by file (symbol)

C:/ST/STM32CubeIDE_1.13.1/STM32CubeIDE/plugins/com.st.stm32cube.ide.mcu.externaltools.gnu-tools-for-stm32.11.3.rel1.win32_1.1.0.202305231506/tools/bin/../lib/gcc/arm-none-eabi/11.3.1/../../../../arm-none-eabi/lib/thumb/v7e-m+dp/hard\libc_nano.a(libc_a-assert.o)
                              ./Core/Src/mongoose.o (__assert_func)
C:/ST/STM32CubeIDE_1.13.1/STM32CubeIDE/plugins/com.st.stm32cube.ide.mcu.externaltools.gnu-tools-for-stm32.11.3.rel1.win32_1.1.0.202305231506/tools/bin/../lib/gcc/arm-none-eabi/11.3.1/../../../../arm-none-eabi/lib/thumb/v7e-m+dp/hard\libc_nano.a(libc_a-atoi.o)
                              ./Core/Src/mongoose.o (atoi)
C:/ST/STM32CubeIDE_1.13.1/STM32CubeIDE/plugins/com.st.stm32cube.ide.mcu.externaltools.gnu-tools-for-stm32.11.3.rel1.win32_1.1.0.202305231506/tools/bin/../lib/gcc/arm-none-eabi/11.3.1/../../../../arm-none-eabi/lib/thumb/v7e-m+dp/hard\libc_nano.a(libc_a-calloc.o)
                              ./Core/Src/mongoose.o (calloc)
C:/ST/STM32CubeIDE_1.13.1/STM32CubeIDE/plugins/com.st.stm32cube.ide.mcu.externaltools.gnu-tools-for-stm32.11.3.rel1.win32_1.1.0.202305231506/tools/bin/../lib/gcc/arm-none-eabi/11.3.1/../../../../arm-none-eabi/lib/thumb/v7e-m+dp/hard\libc_nano.a(libc_a-callocr.o)
                              C:/ST/STM32CubeIDE_1.13.1/STM32CubeIDE/plugins/com.st.stm32cube.ide.mcu.externaltools.gnu-tools-for-stm32.11.3.rel1.win32_1.1.0.202305231506/tools/bin/../lib/gcc/arm-none-eabi/11.3.1/../../../../arm-none-eabi/lib/thumb/v7e-m+dp/hard\libc_nano.a(libc_a-calloc.o) (_calloc_r)
C:/ST/STM32CubeIDE_1.13.1/STM32CubeIDE/plugins/com.st.stm32cube.ide.mcu.externaltools.gnu-tools-for-stm32.11.3.rel1.win32_1.1.0.202305231506/tools/bin/../lib/gcc/arm-none-eabi/11.3.1/../../../../arm-none-eabi/lib/thumb/v7e-m+dp/hard\libc_nano.a(libc_a-exit.o)
                              C:/ST/STM32CubeIDE_1.13.1/STM32CubeIDE/plugins/com.st.stm32cube.ide.mcu.externaltools.gnu-tools-for-stm32.11.3.rel1.win32_1.1.0.202305231506/tools/bin/../lib/gcc/arm-none-eabi/11.3.1/../../../../arm-none-eabi/lib/thumb/v7e-m+dp/hard/crt0.o (exit)
C:/ST/STM32CubeIDE_1.13.1/STM32CubeIDE/plugins/com.st.stm32cube.ide.mcu.externaltools.gnu-tools-for-stm32.11.3.rel1.win32_1.1.0.202305231506/tools/bin/../lib/gcc/arm-none-eabi/11.3.1/../../../../arm-none-eabi/lib/thumb/v7e-m+dp/hard\libc_nano.a(libc_a-malloc.o)
                              ./Core/Src/mongoose.o (free)
C:/ST/STM32CubeIDE_1.13.1/STM32CubeIDE/plugins/com.st.stm32cube.ide.mcu.externaltools.gnu-tools-for-stm32.11.3.rel1.win32_1.1.0.202305231506/tools/bin/../lib/gcc/arm-none-eabi/11.3.1/../../../../arm-none-eabi/lib/thumb/v7e-m+dp/hard\libc_nano.a(libc_a-mallocr.o)
                              C:/ST/STM32CubeIDE_1.13.1/STM32CubeIDE/plugins/com.st.stm32cube.ide.mcu.externaltools.gnu-tools-for-stm32.11.3.rel1.win32_1.1.0.202305231506/tools/bin/../lib/gcc/arm-none-eabi/11.3.1/../../../../arm-none-eabi/lib/thumb/v7e-m+dp/hard\libc_nano.a(libc_a-callocr.o) (_malloc_r)
C:/ST/STM32CubeIDE_1.13.1/STM32CubeIDE/plugins/com.st.stm32cube.ide.mcu.externaltools.gnu-tools-for-stm32.11.3.rel1.win32_1.1.0.202305231506/tools/bin/../lib/gcc/arm-none-eabi/11.3.1/../../../../arm-none-eabi/lib/thumb/v7e-m+dp/hard\libc_nano.a(libc_a-mlock.o)
                              C:/ST/STM32CubeIDE_1.13.1/STM32CubeIDE/plugins/com.st.stm32cube.ide.mcu.externaltools.gnu-tools-for-stm32.11.3.rel1.win32_1.1.0.202305231506/tools/bin/../lib/gcc/arm-none-eabi/11.3.1/../../../../arm-none-eabi/lib/thumb/v7e-m+dp/hard\libc_nano.a(libc_a-mallocr.o) (__malloc_lock)
C:/ST/STM32CubeIDE_1.13.1/STM32CubeIDE/plugins/com.st.stm32cube.ide.mcu.externaltools.gnu-tools-for-stm32.11.3.rel1.win32_1.1.0.202305231506/tools/bin/../lib/gcc/arm-none-eabi/11.3.1/../../../../arm-none-eabi/lib/thumb/v7e-m+dp/hard\libc_nano.a(libc_a-rand.o)
                              ./Core/Src/mongoose.o (srand)
C:/ST/STM32CubeIDE_1.13.1/STM32CubeIDE/plugins/com.st.stm32cube.ide.mcu.externaltools.gnu-tools-for-stm32.11.3.rel1.win32_1.1.0.202305231506/tools/bin/../lib/gcc/arm-none-eabi/11.3.1/../../../../arm-none-eabi/lib/thumb/v7e-m+dp/hard\libc_nano.a(libc_a-strtol.o)
                              C:/ST/STM32CubeIDE_1.13.1/STM32CubeIDE/plugins/com.st.stm32cube.ide.mcu.externaltools.gnu-tools-for-stm32.11.3.rel1.win32_1.1.0.202305231506/tools/bin/../lib/gcc/arm-none-eabi/11.3.1/../../../../arm-none-eabi/lib/thumb/v7e-m+dp/hard\libc_nano.a(libc_a-atoi.o) (_strtol_r)
C:/ST/STM32CubeIDE_1.13.1/STM32CubeIDE/plugins/com.st.stm32cube.ide.mcu.externaltools.gnu-tools-for-stm32.11.3.rel1.win32_1.1.0.202305231506/tools/bin/../lib/gcc/arm-none-eabi/11.3.1/../../../../arm-none-eabi/lib/thumb/v7e-m+dp/hard\libc_nano.a(libc_a-ctype_.o)
[...]
Memory Configuration

Name             Origin             Length             Attributes
ITCMRAM          0x0000000000000000 0x0000000000010000 xrw
DTCMRAM          0x0000000020000000 0x0000000000020000 xrw
FLASH            0x0000000008000000 0x0000000000100000 xr
RAM_D1           0x0000000024000000 0x0000000000050000 xrw
RAM_D2           0x0000000030000000 0x0000000000008000 xrw
RAM_D3           0x0000000038000000 0x0000000000004000 xrw
*default*        0x0000000000000000 0xffffffffffffffff

Linker script and memory map

LOAD C:/ST/STM32CubeIDE_1.13.1/STM32CubeIDE/plugins/com.st.stm32cube.ide.mcu.externaltools.gnu-tools-for-stm32.11.3.rel1.win32_1.1.0.202305231506/tools/bin/../lib/gcc/arm-none-eabi/11.3.1/thumb/v7e-m+dp/hard/crti.o
LOAD C:/ST/STM32CubeIDE_1.13.1/STM32CubeIDE/plugins/com.st.stm32cube.ide.mcu.externaltools.gnu-tools-for-stm32.11.3.rel1.win32_1.1.0.202305231506/tools/bin/../lib/gcc/arm-none-eabi/11.3.1/thumb/v7e-m+dp/hard/crtbegin.o
LOAD C:/ST/STM32CubeIDE_1.13.1/STM32CubeIDE/plugins/com.st.stm32cube.ide.mcu.externaltools.gnu-tools-for-stm32.11.3.rel1.win32_1.1.0.202305231506/tools/bin/../lib/gcc/arm-none-eabi/11.3.1/../../../../arm-none-eabi/lib/thumb/v7e-m+dp/hard/crt0.o
LOAD ./Core/Src/main.o
LOAD ./Core/Src/mongoose.o
LOAD ./Core/Src/net.o
LOAD ./Core/Src/packed_fs.o
LOAD ./Core/Src/stm32h7xx_hal_msp.o
LOAD ./Core/Src/stm32h7xx_it.o
LOAD ./Core/Src/syscalls.o
LOAD ./Core/Src/sysmem.o
LOAD ./Core/Src/system_stm32h7xx.o
LOAD ./Core/Startup/startup_stm32h723zgtx.o
LOAD ./Drivers/STM32H7xx_HAL_Driver/Src/stm32h7xx_hal.o
LOAD ./Drivers/STM32H7xx_HAL_Driver/Src/stm32h7xx_hal_cortex.o
LOAD ./Drivers/STM32H7xx_HAL_Driver/Src/stm32h7xx_hal_dma.o
LOAD ./Drivers/STM32H7xx_HAL_Driver/Src/stm32h7xx_hal_dma_ex.o
LOAD ./Drivers/STM32H7xx_HAL_Driver/Src/stm32h7xx_hal_eth.o
LOAD ./Drivers/STM32H7xx_HAL_Driver/Src/stm32h7xx_hal_eth_ex.o
LOAD ./Drivers/STM32H7xx_HAL_Driver/Src/stm32h7xx_hal_exti.o
LOAD ./Drivers/STM32H7xx_HAL_Driver/Src/stm32h7xx_hal_flash.o
LOAD ./Drivers/STM32H7xx_HAL_Driver/Src/stm32h7xx_hal_flash_ex.o
LOAD ./Drivers/STM32H7xx_HAL_Driver/Src/stm32h7xx_hal_gpio.o
LOAD ./Drivers/STM32H7xx_HAL_Driver/Src/stm32h7xx_hal_hsem.o
LOAD ./Drivers/STM32H7xx_HAL_Driver/Src/stm32h7xx_hal_i2c.o
LOAD ./Drivers/STM32H7xx_HAL_Driver/Src/stm32h7xx_hal_i2c_ex.o
LOAD ./Drivers/STM32H7xx_HAL_Driver/Src/stm32h7xx_hal_mdma.o
LOAD ./Drivers/STM32H7xx_HAL_Driver/Src/stm32h7xx_hal_pwr.o
LOAD ./Drivers/STM32H7xx_HAL_Driver/Src/stm32h7xx_hal_pwr_ex.o
LOAD ./Drivers/STM32H7xx_HAL_Driver/Src/stm32h7xx_hal_rcc.o
LOAD ./Drivers/STM32H7xx_HAL_Driver/Src/stm32h7xx_hal_rcc_ex.o
LOAD ./Drivers/STM32H7xx_HAL_Driver/Src/stm32h7xx_hal_rng.o
LOAD ./Drivers/STM32H7xx_HAL_Driver/Src/stm32h7xx_hal_rng_ex.o
LOAD ./Drivers/STM32H7xx_HAL_Driver/Src/stm32h7xx_hal_tim.o
LOAD ./Drivers/STM32H7xx_HAL_Driver/Src/stm32h7xx_hal_tim_ex.o
LOAD ./Drivers/STM32H7xx_HAL_Driver/Src/stm32h7xx_hal_uart.o
LOAD ./Drivers/STM32H7xx_HAL_Driver/Src/stm32h7xx_hal_uart_ex.o
START GROUP
LOAD C:/ST/STM32CubeIDE_1.13.1/STM32CubeIDE/plugins/com.st.stm32cube.ide.mcu.externaltools.gnu-tools-for-stm32.11.3.rel1.win32_1.1.0.202305231506/tools/bin/../lib/gcc/arm-none-eabi/11.3.1/../../../../arm-none-eabi/lib/thumb/v7e-m+dp/hard\libc_nano.a
LOAD C:/ST/STM32CubeIDE_1.13.1/STM32CubeIDE/plugins/com.st.stm32cube.ide.mcu.externaltools.gnu-tools-for-stm32.11.3.rel1.win32_1.1.0.202305231506/tools/bin/../lib/gcc/arm-none-eabi/11.3.1/../../../../arm-none-eabi/lib/thumb/v7e-m+dp/hard\libm.a
END GROUP
START GROUP
LOAD C:/ST/STM32CubeIDE_1.13.1/STM32CubeIDE/plugins/com.st.stm32cube.ide.mcu.externaltools.gnu-tools-for-stm32.11.3.rel1.win32_1.1.0.202305231506/tools/bin/../lib/gcc/arm-none-eabi/11.3.1/thumb/v7e-m+dp/hard\libgcc.a
LOAD C:/ST/STM32CubeIDE_1.13.1/STM32CubeIDE/plugins/com.st.stm32cube.ide.mcu.externaltools.gnu-tools-for-stm32.11.3.rel1.win32_1.1.0.202305231506/tools/bin/../lib/gcc/arm-none-eabi/11.3.1/../../../../arm-none-eabi/lib/thumb/v7e-m+dp/hard\libc_nano.a
END GROUP
START GROUP
LOAD C:/ST/STM32CubeIDE_1.13.1/STM32CubeIDE/plugins/com.st.stm32cube.ide.mcu.externaltools.gnu-tools-for-stm32.11.3.rel1.win32_1.1.0.202305231506/tools/bin/../lib/gcc/arm-none-eabi/11.3.1/thumb/v7e-m+dp/hard\libgcc.a
LOAD C:/ST/STM32CubeIDE_1.13.1/STM32CubeIDE/plugins/com.st.stm32cube.ide.mcu.externaltools.gnu-tools-for-stm32.11.3.rel1.win32_1.1.0.202305231506/tools/bin/../lib/gcc/arm-none-eabi/11.3.1/../../../../arm-none-eabi/lib/thumb/v7e-m+dp/hard\libc_nano.a
LOAD C:/ST/STM32CubeIDE_1.13.1/STM32CubeIDE/plugins/com.st.stm32cube.ide.mcu.externaltools.gnu-tools-for-stm32.11.3.rel1.win32_1.1.0.202305231506/tools/bin/../lib/gcc/arm-none-eabi/11.3.1/../../../../arm-none-eabi/lib/thumb/v7e-m+dp/hard\libnosys.a
END GROUP
START GROUP
LOAD C:/ST/STM32CubeIDE_1.13.1/STM32CubeIDE/plugins/com.st.stm32cube.ide.mcu.externaltools.gnu-tools-for-stm32.11.3.rel1.win32_1.1.0.202305231506/tools/bin/../lib/gcc/arm-none-eabi/11.3.1/thumb/v7e-m+dp/hard\libgcc.a
LOAD C:/ST/STM32CubeIDE_1.13.1/STM32CubeIDE/plugins/com.st.stm32cube.ide.mcu.externaltools.gnu-tools-for-stm32.11.3.rel1.win32_1.1.0.202305231506/tools/bin/../lib/gcc/arm-none-eabi/11.3.1/../../../../arm-none-eabi/lib/thumb/v7e-m+dp/hard\libc_nano.a
LOAD C:/ST/STM32CubeIDE_1.13.1/STM32CubeIDE/plugins/com.st.stm32cube.ide.mcu.externaltools.gnu-tools-for-stm32.11.3.rel1.win32_1.1.0.202305231506/tools/bin/../lib/gcc/arm-none-eabi/11.3.1/../../../../arm-none-eabi/lib/thumb/v7e-m+dp/hard\libnosys.a
END GROUP
LOAD C:/ST/STM32CubeIDE_1.13.1/STM32CubeIDE/plugins/com.st.stm32cube.ide.mcu.externaltools.gnu-tools-for-stm32.11.3.rel1.win32_1.1.0.202305231506/tools/bin/../lib/gcc/arm-none-eabi/11.3.1/thumb/v7e-m+dp/hard/crtend.o
LOAD C:/ST/STM32CubeIDE_1.13.1/STM32CubeIDE/plugins/com.st.stm32cube.ide.mcu.externaltools.gnu-tools-for-stm32.11.3.rel1.win32_1.1.0.202305231506/tools/bin/../lib/gcc/arm-none-eabi/11.3.1/thumb/v7e-m+dp/hard/crtn.o
                0x0000000024050000                _estack = (ORIGIN (RAM_D1) + LENGTH (RAM_D1))
                0x0000000000000200                _Min_Heap_Size = 0x200
                0x0000000000000400                _Min_Stack_Size = 0x400

.isr_vector     0x0000000008000000      0x2cc
                0x0000000008000000                . = ALIGN (0x4)
 *(.isr_vector)
 .isr_vector    0x0000000008000000      0x2cc ./Core/Startup/startup_stm32h723zgtx.o
                0x0000000008000000                g_pfnVectors
                0x00000000080002cc                . = ALIGN (0x4)

.text           0x00000000080002d0    0x1500c
                0x00000000080002d0                . = ALIGN (0x4)
 *(.text)
 .text          0x00000000080002d0       0x40 C:/ST/STM32CubeIDE_1.13.1/STM32CubeIDE/plugins/com.st.stm32cube.ide.mcu.externaltools.gnu-tools-for-stm32.11.3.rel1.win32_1.1.0.202305231506/tools/bin/../lib/gcc/arm-none-eabi/11.3.1/thumb/v7e-m+dp/hard/crtbegin.o
 .text          0x0000000008000310       0x14 C:/ST/STM32CubeIDE_1.13.1/STM32CubeIDE/plugins/com.st.stm32cube.ide.mcu.externaltools.gnu-tools-for-stm32.11.3.rel1.win32_1.1.0.202305231506/tools/bin/../lib/gcc/arm-none-eabi/11.3.1/../../../../arm-none-eabi/lib/thumb/v7e-m+dp/hard\libc_nano.a(libc_a-strcmp.o)
                0x0000000008000310                strcmp
 *fill*         0x0000000008000324        0xc 
 .text          0x0000000008000330       0xa0 C:/ST/STM32CubeIDE_1.13.1/STM32CubeIDE/plugins/com.st.stm32cube.ide.mcu.externaltools.gnu-tools-for-stm32.11.3.rel1.win32_1.1.0.202305231506/tools/bin/../lib/gcc/arm-none-eabi/11.3.1/../../../../arm-none-eabi/lib/thumb/v7e-m+dp/hard\libc_nano.a(libc_a-memchr.o)
                0x0000000008000330                memchr
 .text          0x00000000080003d0       0x10 C:/ST/STM32CubeIDE_1.13.1/STM32CubeIDE/plugins/com.st.stm32cube.ide.mcu.externaltools.gnu-tools-for-stm32.11.3.rel1.win32_1.1.0.202305231506/tools/bin/../lib/gcc/arm-none-eabi/11.3.1/../../../../arm-none-eabi/lib/thumb/v7e-m+dp/hard\libc_nano.a(libc_a-strlen.o)
                0x00000000080003d0                strlen
 .text          0x00000000080003e0      0x378 C:/ST/STM32CubeIDE_1.13.1/STM32CubeIDE/plugins/com.st.stm32cube.ide.mcu.externaltools.gnu-tools-for-stm32.11.3.rel1.win32_1.1.0.202305231506/tools/bin/../lib/gcc/arm-none-eabi/11.3.1/thumb/v7e-m+dp/hard\libgcc.a(_arm_addsubdf3.o)
                0x00000000080003e0                __aeabi_drsub
                0x00000000080003e8                __aeabi_dsub
                0x00000000080003e8                __subdf3
                0x00000000080003ec                __aeabi_dadd
                0x00000000080003ec                __adddf3
                0x0000000008000664                __floatunsidf
                0x0000000008000664                __aeabi_ui2d
                0x0000000008000684                __floatsidf
                0x0000000008000684                __aeabi_i2d
                0x00000000080006a8                __aeabi_f2d
                0x00000000080006a8                __extendsfdf2
                0x00000000080006ec                __floatundidf
                0x00000000080006ec                __aeabi_ul2d
                0x00000000080006fc                __floatdidf
                0x00000000080006fc                __aeabi_l2d
 .text          0x0000000008000758       0xa0 C:/ST/STM32CubeIDE_1.13.1/STM32CubeIDE/plugins/com.st.stm32cube.ide.mcu.externaltools.gnu-tools-for-stm32.11.3.rel1.win32_1.1.0.202305231506/tools/bin/../lib/gcc/arm-none-eabi/11.3.1/thumb/v7e-m+dp/hard\libgcc.a(_aeabi_ldivmod.o)
                0x0000000008000758                __aeabi_ldivmod
 .text          0x00000000080007f8       0x30 C:/ST/STM32CubeIDE_1.13.1/STM32CubeIDE/plugins/com.st.stm32cube.ide.mcu.externaltools.gnu-tools-for-stm32.11.3.rel1.win32_1.1.0.202305231506/tools/bin/../lib/gcc/arm-none-eabi/11.3.1/thumb/v7e-m+dp/hard\libgcc.a(_aeabi_uldivmod.o)
                0x00000000080007f8                __aeabi_uldivmod
 .text          0x0000000008000828       0x30 C:/ST/STM32CubeIDE_1.13.1/STM32CubeIDE/plugins/com.st.stm32cube.ide.mcu.externaltools.gnu-tools-for-stm32.11.3.rel1.win32_1.1.0.202305231506/tools/bin/../lib/gcc/arm-none-eabi/11.3.1/thumb/v7e-m+dp/hard\libgcc.a(_fixdfdi.o)
                0x0000000008000828                __fixdfdi
                0x0000000008000828                __aeabi_d2lz
 .text          0x0000000008000858       0x40 C:/ST/STM32CubeIDE_1.13.1/STM32CubeIDE/plugins/com.st.stm32cube.ide.mcu.externaltools.gnu-tools-for-stm32.11.3.rel1.win32_1.1.0.202305231506/tools/bin/../lib/gcc/arm-none-eabi/11.3.1/thumb/v7e-m+dp/hard\libgcc.a(_fixunsdfdi.o)
                0x0000000008000858                __fixunsdfdi
                0x0000000008000858                __aeabi_d2ulz
 .text          0x0000000008000898      0x2c8 C:/ST/STM32CubeIDE_1.13.1/STM32CubeIDE/plugins/com.st.stm32cube.ide.mcu.externaltools.gnu-tools-for-stm32.11.3.rel1.win32_1.1.0.202305231506/tools/bin/../lib/gcc/arm-none-eabi/11.3.1/thumb/v7e-m+dp/hard\libgcc.a(_udivmoddi4.o)
                0x0000000008000898                __udivmoddi4
 .text          0x0000000008000b60        0x4 C:/ST/STM32CubeIDE_1.13.1/STM32CubeIDE/plugins/com.st.stm32cube.ide.mcu.externaltools.gnu-tools-for-stm32.11.3.rel1.win32_1.1.0.202305231506/tools/bin/../lib/gcc/arm-none-eabi/11.3.1/thumb/v7e-m+dp/hard\libgcc.a(_dvmd_tls.o)
                0x0000000008000b60                __aeabi_idiv0
                0x0000000008000b60                __aeabi_ldiv0
 *(.text*)
 .text.chiprev  0x0000000008000b64       0x3c ./Core/Src/main.o
 .text.mqtt_publisher_event_handler
                0x0000000008000ba0       0x88 ./Core/Src/main.o
 .text.mg_millis
                0x0000000008000c28       0x1a ./Core/Src/main.o
                0x0000000008000c28                mg_millis
 *fill*         0x0000000008000c42        0x2 
 .text.mg_random
                0x0000000008000c44       0x5c ./Core/Src/main.o
                0x0000000008000c44                mg_random
 .text.timer_fn
                0x0000000008000ca0       0x8c ./Core/Src/main.o
 *fill*         0x0000000008000d2c        0x4 
 .text.main     0x0000000008000d30      0x1e8 ./Core/Src/main.o
                0x0000000008000d30                main
 .text.SystemClock_Config
                0x0000000008000f18       0xe0 ./Core/Src/main.o
                0x0000000008000f18                SystemClock_Config
 .text.MX_ETH_Init
                0x0000000008000ff8       0x98 ./Core/Src/main.o
 .text.MX_RNG_Init
                0x0000000008001090       0x2c ./Core/Src/main.o
 .text.MX_USART3_UART_Init
                0x00000000080010bc       0x98 ./Core/Src/main.o
 .text.MX_USB_OTG_HS_USB_Init
                0x0000000008001154        0xe ./Core/Src/main.o
 *fill*         0x0000000008001162        0x2 
 .text.MX_GPIO_Init
                0x0000000008001164      0x1f8 ./Core/Src/main.o
 .text.Error_Handler
                0x000000000800135c        0xa ./Core/Src/main.o
                0x000000000800135c                Error_Handler
 .text.mg_b64rev
                0x0000000008001366       0x6c ./Core/Src/mongoose.o
 .text.mg_base64_decode
                0x00000000080013d2      0x11e ./Core/Src/mongoose.o
                0x00000000080013d2                mg_base64_decode
 .text.mg_dns_free
                0x00000000080014f0       0x3a ./Core/Src/mongoose.o
 .text.mg_resolve_cancel
                0x000000000800152a       0x3e ./Core/Src/mongoose.o
                0x000000000800152a                mg_resolve_cancel
 .text.mg_dns_parse_name_depth
                0x0000000008001568      0x160 ./Core/Src/mongoose.o
 .text.mg_dns_parse_name
                0x00000000080016c8       0x30 ./Core/Src/mongoose.o
 .text.mg_dns_parse_rr
                0x00000000080016f8      0x124 ./Core/Src/mongoose.o
                0x00000000080016f8                mg_dns_parse_rr
 .text.mg_dns_parse
                0x000000000800181c      0x172 ./Core/Src/mongoose.o
                0x000000000800181c                mg_dns_parse
 *fill*         0x000000000800198e        0x2 
 .text.dns_cb   0x0000000008001990      0x30c ./Core/Src/mongoose.o
 .text.mg_dns_send
                0x0000000008001c9c      0x1c0 ./Core/Src/mongoose.o
 .text.mg_sendnsreq
                0x0000000008001e5c      0x170 ./Core/Src/mongoose.o
 .text.mg_resolve
                0x0000000008001fcc       0x88 ./Core/Src/mongoose.o
                0x0000000008001fcc                mg_resolve
 .text.mg_call  0x0000000008002054       0x44 ./Core/Src/mongoose.o
                0x0000000008002054                mg_call
 .text.mg_error
                0x0000000008002098       0x7c ./Core/Src/mongoose.o
                0x0000000008002098                mg_error
 .text.is_digit
                0x0000000008002114       0x2c ./Core/Src/mongoose.o
 .text.addexp   0x0000000008002140      0x104 ./Core/Src/mongoose.o
 .text.xisinf   0x0000000008002244       0x50 ./Core/Src/mongoose.o
 .text.xisnan   0x0000000008002294       0x58 ./Core/Src/mongoose.o
 *fill*         0x00000000080022ec        0x4 
 .text.mg_dtoa  0x00000000080022f0      0x524 ./Core/Src/mongoose.o
 .text.mg_lld   0x0000000008002814      0x160 ./Core/Src/mongoose.o
 .text.scpy     0x0000000008002974       0x46 ./Core/Src/mongoose.o
 .text.mg_xprintf
                0x00000000080029ba       0x36 ./Core/Src/mongoose.o
                0x00000000080029ba                mg_xprintf
 .text.mg_vxprintf
                0x00000000080029f0      0x748 ./Core/Src/mongoose.o
                0x00000000080029f0                mg_vxprintf
 .text.mg_fs_open
                0x0000000008003138       0x50 ./Core/Src/mongoose.o
                0x0000000008003138                mg_fs_open
 .text.mg_fs_close
                0x0000000008003188       0x2a ./Core/Src/mongoose.o
                0x0000000008003188                mg_fs_close
 .text.is_dir_prefix
                0x00000000080031b2       0x58 ./Core/Src/mongoose.o
 .text.packed_stat
                0x000000000800320a       0x60 ./Core/Src/mongoose.o
 *fill*         0x000000000800326a        0x2 
 .text.packed_list
                0x000000000800326c       0xfc ./Core/Src/mongoose.o
 .text.packed_open
                0x0000000008003368       0x62 ./Core/Src/mongoose.o
 .text.packed_close
                0x00000000080033ca       0x1c ./Core/Src/mongoose.o
 .text.packed_read
                0x00000000080033e6       0x56 ./Core/Src/mongoose.o
 .text.packed_write
                0x000000000800343c       0x1a ./Core/Src/mongoose.o
 .text.packed_seek
                0x0000000008003456       0x38 ./Core/Src/mongoose.o
 .text.packed_rename
                0x000000000800348e       0x18 ./Core/Src/mongoose.o
 .text.packed_remove
                0x00000000080034a6       0x16 ./Core/Src/mongoose.o
 .text.packed_mkdir
                0x00000000080034bc       0x16 ./Core/Src/mongoose.o
 .text.p_stat   0x00000000080034d2       0x1a ./Core/Src/mongoose.o
 .text.p_list   0x00000000080034ec       0x18 ./Core/Src/mongoose.o
 .text.p_open   0x0000000008003504       0x18 ./Core/Src/mongoose.o
 .text.p_close  0x000000000800351c       0x14 ./Core/Src/mongoose.o
 .text.p_read   0x0000000008003530       0x1a ./Core/Src/mongoose.o
 .text.p_write  0x000000000800354a       0x1a ./Core/Src/mongoose.o
 .text.p_seek   0x0000000008003564       0x1a ./Core/Src/mongoose.o
 .text.p_rename
                0x000000000800357e       0x18 ./Core/Src/mongoose.o
 .text.p_remove
                0x0000000008003596       0x16 ./Core/Src/mongoose.o
 .text.p_mkdir  0x00000000080035ac       0x16 ./Core/Src/mongoose.o
 *fill*         0x00000000080035c2        0x6 
 .text.mg_to_size_t
                0x00000000080035c8      0x128 ./Core/Src/mongoose.o
                0x00000000080035c8                mg_to_size_t
 .text.mg_http_var
                0x00000000080036f0       0x82 ./Core/Src/mongoose.o
                0x00000000080036f0                mg_http_var
 .text.mg_http_get_var
                0x0000000008003772       0x9a ./Core/Src/mongoose.o
                0x0000000008003772                mg_http_get_var
 .text.isx      0x000000000800380c       0x44 ./Core/Src/mongoose.o
 .text.mg_url_decode
                0x0000000008003850       0xfc ./Core/Src/mongoose.o
                0x0000000008003850                mg_url_decode
 .text.isok     0x000000000800394c       0x34 ./Core/Src/mongoose.o
 .text.mg_http_get_request_len
                0x0000000008003980       0x9c ./Core/Src/mongoose.o
                0x0000000008003980                mg_http_get_request_len
 .text.skip     0x0000000008003a1c       0x78 ./Core/Src/mongoose.o
 .text.mg_http_get_header
                0x0000000008003a94       0x80 ./Core/Src/mongoose.o
                0x0000000008003a94                mg_http_get_header
 .text.mg_http_parse_headers
                0x0000000008003b14       0xcc ./Core/Src/mongoose.o
 .text.mg_http_parse
                0x0000000008003be0      0x224 ./Core/Src/mongoose.o
                0x0000000008003be0                mg_http_parse
 .text.mg_http_status_code_str
                0x0000000008003e04      0x9f8 ./Core/Src/mongoose.o
 .text.mg_http_reply
                0x00000000080047fc       0xb0 ./Core/Src/mongoose.o
                0x00000000080047fc                mg_http_reply
 .text.restore_http_cb
                0x00000000080048ac       0x38 ./Core/Src/mongoose.o
 .text.mg_http_etag
                0x00000000080048e4       0x38 ./Core/Src/mongoose.o
                0x00000000080048e4                mg_http_etag
 .text.static_cb
                0x000000000800491c       0xc2 ./Core/Src/mongoose.o
 *fill*         0x00000000080049de        0x2 
 .text.guess_content_type
                0x00000000080049e0       0xf4 ./Core/Src/mongoose.o
 .text.getrange
                0x0000000008004ad4      0x124 ./Core/Src/mongoose.o
 .text.mg_http_serve_file
                0x0000000008004bf8      0x544 ./Core/Src/mongoose.o
                0x0000000008004bf8                mg_http_serve_file
 .text.uri_to_path2
                0x000000000800513c      0x2a8 ./Core/Src/mongoose.o
 .text.uri_to_path
                0x00000000080053e4      0x114 ./Core/Src/mongoose.o
 .text.mg_http_serve_dir
                0x00000000080054f8       0xa8 ./Core/Src/mongoose.o
                0x00000000080054f8                mg_http_serve_dir
 .text.mg_http_creds
                0x00000000080055a0      0x238 ./Core/Src/mongoose.o
                0x00000000080055a0                mg_http_creds
 .text.stripquotes
                0x00000000080057d8       0x52 ./Core/Src/mongoose.o
 .text.mg_http_get_header_var
                0x000000000800582a      0x12c ./Core/Src/mongoose.o
                0x000000000800582a                mg_http_get_header_var
 .text.mg_http_match_uri
                0x0000000008005956       0x34 ./Core/Src/mongoose.o
                0x0000000008005956                mg_http_match_uri
 .text.getchunk
                0x000000000800598a       0xba ./Core/Src/mongoose.o
 .text.mg_is_chunked
                0x0000000008005a44       0x48 ./Core/Src/mongoose.o
 .text.deliver_chunked_chunks
                0x0000000008005a8c      0x194 ./Core/Src/mongoose.o
 .text.deliver_normal_chunks
                0x0000000008005c20      0x130 ./Core/Src/mongoose.o
 .text.http_cb  0x0000000008005d50      0x244 ./Core/Src/mongoose.o
 .text.mg_http_listen
                0x0000000008005f94       0x38 ./Core/Src/mongoose.o
                0x0000000008005f94                mg_http_listen
 .text.zeromem  0x0000000008005fcc       0x32 ./Core/Src/mongoose.o
 .text.roundup  0x0000000008005ffe       0x34 ./Core/Src/mongoose.o
 *fill*         0x0000000008006032        0x2 
 .text.mg_iobuf_resize
                0x0000000008006034      0x114 ./Core/Src/mongoose.o
                0x0000000008006034                mg_iobuf_resize
 .text.mg_iobuf_add
                0x0000000008006148       0xa4 ./Core/Src/mongoose.o
                0x0000000008006148                mg_iobuf_add
 .text.mg_iobuf_del
                0x00000000080061ec       0x96 ./Core/Src/mongoose.o
                0x00000000080061ec                mg_iobuf_del
 .text.mg_iobuf_free
                0x0000000008006282       0x18 ./Core/Src/mongoose.o
                0x0000000008006282                mg_iobuf_free
 *fill*         0x000000000800629a        0x2 
 .text.escapeseq
                0x000000000800629c       0x28 ./Core/Src/mongoose.o
 .text.json_esc
                0x00000000080062c4       0x60 ./Core/Src/mongoose.o
 .text.mg_pass_string
                0x0000000008006324       0x82 ./Core/Src/mongoose.o
 *fill*         0x00000000080063a6        0x2 
 .text.mg_atod  0x00000000080063a8      0x2a0 ./Core/Src/mongoose.o
 .text.mg_json_get
                0x0000000008006648      0x628 ./Core/Src/mongoose.o
                0x0000000008006648                mg_json_get
 .text.mg_json_get_num
                0x0000000008006c70       0x8a ./Core/Src/mongoose.o
                0x0000000008006c70                mg_json_get_num
 .text.mg_json_get_bool
                0x0000000008006cfa       0x78 ./Core/Src/mongoose.o
                0x0000000008006cfa                mg_json_get_bool
 .text.mg_json_unescape
                0x0000000008006d72      0x11e ./Core/Src/mongoose.o
                0x0000000008006d72                mg_json_unescape
 .text.mg_json_get_str
                0x0000000008006e90       0x9c ./Core/Src/mongoose.o
                0x0000000008006e90                mg_json_get_str
 .text.mg_json_get_long
                0x0000000008006f2c       0x44 ./Core/Src/mongoose.o
                0x0000000008006f2c                mg_json_get_long
 .text.logc     0x0000000008006f70       0x28 ./Core/Src/mongoose.o
 .text.logs     0x0000000008006f98       0x36 ./Core/Src/mongoose.o
 *fill*         0x0000000008006fce        0x2 
 .text.mg_log_set
                0x0000000008006fd0       0x44 ./Core/Src/mongoose.o
                0x0000000008006fd0                mg_log_set
 .text.mg_log_prefix
                0x0000000008007014       0xb4 ./Core/Src/mongoose.o
                0x0000000008007014                mg_log_prefix
 .text.mg_log   0x00000000080070c8       0x3c ./Core/Src/mongoose.o
                0x00000000080070c8                mg_log
 .text.nibble   0x0000000008007104       0x2c ./Core/Src/mongoose.o
 .text.mg_hexdump
                0x0000000008007130      0x168 ./Core/Src/mongoose.o
                0x0000000008007130                mg_hexdump
 .text.mg_mqtt_send_header
                0x0000000008007298       0x8a ./Core/Src/mongoose.o
                0x0000000008007298                mg_mqtt_send_header
 .text.mg_send_u16
                0x0000000008007322       0x20 ./Core/Src/mongoose.o
 .text.mg_send_u32
                0x0000000008007342       0x1e ./Core/Src/mongoose.o
 .text.compute_variable_length_size
                0x0000000008007360       0x2c ./Core/Src/mongoose.o
 .text.encode_variable_length
                0x000000000800738c       0x50 ./Core/Src/mongoose.o
 .text.decode_varint
                0x00000000080073dc       0x72 ./Core/Src/mongoose.o
 *fill*         0x000000000800744e        0x2 
 .text.mqtt_prop_type_by_id
                0x0000000008007450       0x50 ./Core/Src/mongoose.o
 .text.get_properties_length
                0x00000000080074a0      0x11c ./Core/Src/mongoose.o
 .text.get_props_size
                0x00000000080075bc       0x2e ./Core/Src/mongoose.o
 *fill*         0x00000000080075ea        0x2 
 .text.mg_send_mqtt_properties
                0x00000000080075ec      0x294 ./Core/Src/mongoose.o
 .text.mg_mqtt_login
                0x0000000008007880      0x2e0 ./Core/Src/mongoose.o
                0x0000000008007880                mg_mqtt_login
 .text.mg_mqtt_pub
                0x0000000008007b60      0x164 ./Core/Src/mongoose.o
                0x0000000008007b60                mg_mqtt_pub
 .text.mg_mqtt_parse
                0x0000000008007cc4      0x24a ./Core/Src/mongoose.o
                0x0000000008007cc4                mg_mqtt_parse
 *fill*         0x0000000008007f0e        0x2 
 .text.mqtt_cb  0x0000000008007f10      0x2ac ./Core/Src/mongoose.o
 .text.mg_mqtt_connect
                0x00000000080081bc       0x5c ./Core/Src/mongoose.o
                0x00000000080081bc                mg_mqtt_connect
 .text.mg_vprintf
                0x0000000008008218       0x38 ./Core/Src/mongoose.o
                0x0000000008008218                mg_vprintf
 .text.mg_printf
                0x0000000008008250       0x34 ./Core/Src/mongoose.o
                0x0000000008008250                mg_printf
 .text.mg_atonl
                0x0000000008008284       0x50 ./Core/Src/mongoose.o
 .text.mg_atone
                0x00000000080082d4       0x36 ./Core/Src/mongoose.o
 .text.mg_aton4
                0x000000000800830a       0xec ./Core/Src/mongoose.o
 .text.mg_v4mapped
                0x00000000080083f6       0xd0 ./Core/Src/mongoose.o
 .text.mg_aton6
                0x00000000080084c6      0x1c2 ./Core/Src/mongoose.o
 .text.mg_aton  0x0000000008008688       0x74 ./Core/Src/mongoose.o
                0x0000000008008688                mg_aton
 .text.mg_alloc_conn
                0x00000000080086fc       0x52 ./Core/Src/mongoose.o
                0x00000000080086fc                mg_alloc_conn
 *fill*         0x000000000800874e        0x2 
 .text.mg_close_conn
                0x0000000008008750       0xc4 ./Core/Src/mongoose.o
                0x0000000008008750                mg_close_conn
 .text.mg_connect
                0x0000000008008814      0x114 ./Core/Src/mongoose.o
                0x0000000008008814                mg_connect
 .text.mg_listen
                0x0000000008008928      0x120 ./Core/Src/mongoose.o
                0x0000000008008928                mg_listen
 .text.mg_timer_add
                0x0000000008008a48       0x52 ./Core/Src/mongoose.o
                0x0000000008008a48                mg_timer_add
 *fill*         0x0000000008008a9a        0x2 
 .text.mg_mgr_init
                0x0000000008008a9c       0x40 ./Core/Src/mongoose.o
                0x0000000008008a9c                mg_mgr_init
 .text.mg_pfn_iobuf_private
                0x0000000008008adc       0x90 ./Core/Src/mongoose.o
 .text.mg_putchar_iobuf_static
                0x0000000008008b6c       0x20 ./Core/Src/mongoose.o
 .text.mg_pfn_iobuf
                0x0000000008008b8c       0x20 ./Core/Src/mongoose.o
                0x0000000008008b8c                mg_pfn_iobuf
 .text.mg_vsnprintf
                0x0000000008008bac       0x50 ./Core/Src/mongoose.o
                0x0000000008008bac                mg_vsnprintf
 .text.mg_snprintf
                0x0000000008008bfc       0x32 ./Core/Src/mongoose.o
                0x0000000008008bfc                mg_snprintf
 .text.mg_pfn_stdout
                0x0000000008008c2e       0x1c ./Core/Src/mongoose.o
                0x0000000008008c2e                mg_pfn_stdout
 *fill*         0x0000000008008c4a        0x2 
 .text.print_ip4
                0x0000000008008c4c       0x48 ./Core/Src/mongoose.o
 .text.print_ip6
                0x0000000008008c94       0xbc ./Core/Src/mongoose.o
 .text.mg_print_ip4
                0x0000000008008d50       0x2e ./Core/Src/mongoose.o
                0x0000000008008d50                mg_print_ip4
 .text.mg_print_ip
                0x0000000008008d7e       0x48 ./Core/Src/mongoose.o
                0x0000000008008d7e                mg_print_ip
 *fill*         0x0000000008008dc6        0x2 
 .text.mg_print_ip_port
                0x0000000008008dc8       0x4c ./Core/Src/mongoose.o
                0x0000000008008dc8                mg_print_ip_port
 .text.mg_print_mac
                0x0000000008008e14       0x6c ./Core/Src/mongoose.o
                0x0000000008008e14                mg_print_mac
 .text.mg_esc   0x0000000008008e80       0x7c ./Core/Src/mongoose.o
 .text.mg_escape
                0x0000000008008efc       0x1a ./Core/Src/mongoose.o
 .text.qcpy     0x0000000008008f16       0x86 ./Core/Src/mongoose.o
 .text.mg_print_esc
                0x0000000008008f9c       0x58 ./Core/Src/mongoose.o
                0x0000000008008f9c                mg_print_esc
 .text.mg_queue_read_len
                0x0000000008008ff4       0x54 ./Core/Src/mongoose.o
 .text.mg_queue_write_len
                0x0000000008009048       0x2c ./Core/Src/mongoose.o
 .text.mg_queue_book
                0x0000000008009074       0xae ./Core/Src/mongoose.o
                0x0000000008009074                mg_queue_book
 *fill*         0x0000000008009122        0x2 
 .text.mg_queue_next
                0x0000000008009124       0x8c ./Core/Src/mongoose.o
                0x0000000008009124                mg_queue_next
 .text.mg_queue_add
                0x00000000080091b0       0x70 ./Core/Src/mongoose.o
                0x00000000080091b0                mg_queue_add
 .text.mg_queue_del
                0x0000000008009220       0x48 ./Core/Src/mongoose.o
                0x0000000008009220                mg_queue_del
 .text.gettimestamp
                0x0000000008009268       0xec ./Core/Src/mongoose.o
 .text.mg_sntp_parse
                0x0000000008009354      0x1f8 ./Core/Src/mongoose.o
                0x0000000008009354                mg_sntp_parse
 .text.sntp_cb  0x000000000800954c       0xe8 ./Core/Src/mongoose.o
 *fill*         0x0000000008009634        0x4 
 .text.mg_sntp_request
                0x0000000008009638      0x108 ./Core/Src/mongoose.o
                0x0000000008009638                mg_sntp_request
 .text.mg_sntp_connect
                0x0000000008009740       0x48 ./Core/Src/mongoose.o
                0x0000000008009740                mg_sntp_connect
 .text.mg_http_serve_ssi
                0x0000000008009788       0x28 ./Core/Src/mongoose.o
                0x0000000008009788                mg_http_serve_ssi
 .text.mg_str_s
                0x00000000080097b0       0x3a ./Core/Src/mongoose.o
                0x00000000080097b0                mg_str_s
 .text.mg_str_n
                0x00000000080097ea       0x30 ./Core/Src/mongoose.o
                0x00000000080097ea                mg_str_n
 .text.mg_lower
                0x000000000800981a       0x2e ./Core/Src/mongoose.o
                0x000000000800981a                mg_lower
 .text.mg_ncasecmp
                0x0000000008009848       0x5c ./Core/Src/mongoose.o
                0x0000000008009848                mg_ncasecmp
 .text.mg_vcmp  0x00000000080098a4       0x48 ./Core/Src/mongoose.o
                0x00000000080098a4                mg_vcmp
 .text.mg_vcasecmp
                0x00000000080098ec       0x48 ./Core/Src/mongoose.o
                0x00000000080098ec                mg_vcasecmp
 .text.mg_strcmp
                0x0000000008009934       0x84 ./Core/Src/mongoose.o
                0x0000000008009934                mg_strcmp
 .text.mg_strstr
                0x00000000080099b8       0x6a ./Core/Src/mongoose.o
                0x00000000080099b8                mg_strstr
 .text.mg_match
                0x0000000008009a22      0x1ce ./Core/Src/mongoose.o
                0x0000000008009a22                mg_match
 .text.mg_globmatch
                0x0000000008009bf0       0x48 ./Core/Src/mongoose.o
                0x0000000008009bf0                mg_globmatch
 .text.mg_nce   0x0000000008009c38       0xd2 ./Core/Src/mongoose.o
 .text.mg_split
                0x0000000008009d0a       0xe8 ./Core/Src/mongoose.o
                0x0000000008009d0a                mg_split
 .text.mg_commalist
                0x0000000008009df2       0x22 ./Core/Src/mongoose.o
                0x0000000008009df2                mg_commalist
 .text.mg_hex   0x0000000008009e14       0x7c ./Core/Src/mongoose.o
                0x0000000008009e14                mg_hex
 .text.mg_unhex_nimble
                0x0000000008009e90       0x44 ./Core/Src/mongoose.o
 .text.mg_unhexn
                0x0000000008009ed4       0x4e ./Core/Src/mongoose.o
                0x0000000008009ed4                mg_unhexn
 .text.mg_unhex
                0x0000000008009f22       0x46 ./Core/Src/mongoose.o
                0x0000000008009f22                mg_unhex
 .text.mg_path_is_sane
                0x0000000008009f68       0x5a ./Core/Src/mongoose.o
                0x0000000008009f68                mg_path_is_sane
 .text.mg_timer_init
                0x0000000008009fc2       0x58 ./Core/Src/mongoose.o
                0x0000000008009fc2                mg_timer_init
 .text.mg_timer_expired
                0x000000000800a01a       0xc8 ./Core/Src/mongoose.o
                0x000000000800a01a                mg_timer_expired
 .text.mg_timer_poll
                0x000000000800a0e2       0xce ./Core/Src/mongoose.o
                0x000000000800a0e2                mg_timer_poll
 .text.mg_tls_init
                0x000000000800a1b0       0x20 ./Core/Src/mongoose.o
                0x000000000800a1b0                mg_tls_init
 .text.mg_tls_handshake
                0x000000000800a1d0       0x14 ./Core/Src/mongoose.o
                0x000000000800a1d0                mg_tls_handshake
 .text.mg_tls_free
                0x000000000800a1e4       0x14 ./Core/Src/mongoose.o
                0x000000000800a1e4                mg_tls_free
 .text.mg_tls_recv
                0x000000000800a1f8       0x32 ./Core/Src/mongoose.o
                0x000000000800a1f8                mg_tls_recv
 .text.mg_tls_send
                0x000000000800a22a       0x32 ./Core/Src/mongoose.o
                0x000000000800a22a                mg_tls_send
 .text.urlparse
                0x000000000800a25c      0x102 ./Core/Src/mongoose.o
 .text.mg_url_host
                0x000000000800a35e       0x66 ./Core/Src/mongoose.o
                0x000000000800a35e                mg_url_host
 .text.mg_url_port
                0x000000000800a3c4       0xc8 ./Core/Src/mongoose.o
                0x000000000800a3c4                mg_url_port
 .text.mg_ntohl
                0x000000000800a48c       0x32 ./Core/Src/mongoose.o
                0x000000000800a48c                mg_ntohl
 .text.mg_ntohs
                0x000000000800a4be       0x2e ./Core/Src/mongoose.o
                0x000000000800a4be                mg_ntohs
 .text.mg_crc32
                0x000000000800a4ec       0x74 ./Core/Src/mongoose.o
                0x000000000800a4ec                mg_crc32
 .text.eth_read_phy
                0x000000000800a560       0x74 ./Core/Src/mongoose.o
 .text.eth_write_phy
                0x000000000800a5d4       0x78 ./Core/Src/mongoose.o
 .text.get_hclk
                0x000000000800a64c      0x1ac ./Core/Src/mongoose.o
 .text.guess_mdc_cr
                0x000000000800a7f8       0xcc ./Core/Src/mongoose.o
 .text.mg_tcpip_driver_stm32h_init
                0x000000000800a8c4      0x234 ./Core/Src/mongoose.o
 .text.mg_tcpip_driver_stm32h_tx
                0x000000000800aaf8      0x1a0 ./Core/Src/mongoose.o
 .text.mg_tcpip_driver_stm32h_up
                0x000000000800ac98       0xd0 ./Core/Src/mongoose.o
 .text.ETH_IRQHandler
                0x000000000800ad68      0x120 ./Core/Src/mongoose.o
                0x000000000800ad68                ETH_IRQHandler
 .text.mkpay    0x000000000800ae88       0x3c ./Core/Src/mongoose.o
 .text.csumup   0x000000000800aec4       0x5a ./Core/Src/mongoose.o
 .text.csumfin  0x000000000800af1e       0x36 ./Core/Src/mongoose.o
 .text.ipcsum   0x000000000800af54       0x26 ./Core/Src/mongoose.o
 .text.ether_output
                0x000000000800af7a       0x38 ./Core/Src/mongoose.o
 .text.arp_ask  0x000000000800afb2       0xba ./Core/Src/mongoose.o
 .text.onstatechange
                0x000000000800b06c      0x10c ./Core/Src/mongoose.o
 .text.tx_ip    0x000000000800b178       0xac ./Core/Src/mongoose.o
 .text.tx_udp   0x000000000800b224       0xd2 ./Core/Src/mongoose.o
 *fill*         0x000000000800b2f6        0x2 
 .text.tx_dhcp  0x000000000800b2f8      0x120 ./Core/Src/mongoose.o
 .text.tx_dhcp_request_sel
                0x000000000800b418       0x88 ./Core/Src/mongoose.o
 .text.tx_dhcp_request_re
                0x000000000800b4a0       0x60 ./Core/Src/mongoose.o
 .text.tx_dhcp_discover
                0x000000000800b500       0x74 ./Core/Src/mongoose.o
 .text.getpeer  0x000000000800b574       0xb0 ./Core/Src/mongoose.o
 .text.rx_arp   0x000000000800b624      0x200 ./Core/Src/mongoose.o
 .text.rx_icmp  0x000000000800b824       0xb8 ./Core/Src/mongoose.o
 .text.rx_dhcp_client
                0x000000000800b8dc      0x30c ./Core/Src/mongoose.o
 .text.rx_dhcp_server
                0x000000000800bbe8      0x394 ./Core/Src/mongoose.o
 .text.rx_udp   0x000000000800bf7c       0xe4 ./Core/Src/mongoose.o
 .text.tx_tcp   0x000000000800c060      0x194 ./Core/Src/mongoose.o
 .text.tx_tcp_pkt
                0x000000000800c1f4       0x8c ./Core/Src/mongoose.o
 .text.settmout
                0x000000000800c280       0x90 ./Core/Src/mongoose.o
 .text.accept_conn
                0x000000000800c310      0x160 ./Core/Src/mongoose.o
 .text.mg_io_send
                0x000000000800c470      0x114 ./Core/Src/mongoose.o
                0x000000000800c470                mg_io_send
 .text.read_conn
                0x000000000800c584      0x274 ./Core/Src/mongoose.o
 .text.rx_tcp   0x000000000800c7f8      0x244 ./Core/Src/mongoose.o
 .text.rx_ip    0x000000000800ca3c      0x250 ./Core/Src/mongoose.o
 .text.rx_ip6   0x000000000800cc8c       0x84 ./Core/Src/mongoose.o
 .text.mg_tcpip_rx
                0x000000000800cd10      0x208 ./Core/Src/mongoose.o
 .text.mg_tcpip_poll
                0x000000000800cf18      0x3b4 ./Core/Src/mongoose.o
 .text.mg_tcpip_qwrite
                0x000000000800d2cc       0x5a ./Core/Src/mongoose.o
                0x000000000800d2cc                mg_tcpip_qwrite
 *fill*         0x000000000800d326        0x2 
 .text.mg_tcpip_init
                0x000000000800d328      0x1a0 ./Core/Src/mongoose.o
                0x000000000800d328                mg_tcpip_init
 .text.send_syn
                0x000000000800d4c8       0x6a ./Core/Src/mongoose.o
 *fill*         0x000000000800d532        0x2 
 .text.mg_connect_resolved
                0x000000000800d534      0x1dc ./Core/Src/mongoose.o
                0x000000000800d534                mg_connect_resolved
 .text.mg_open_listener
                0x000000000800d710       0x2a ./Core/Src/mongoose.o
                0x000000000800d710                mg_open_listener
 .text.write_conn
                0x000000000800d73a       0x6a ./Core/Src/mongoose.o
 .text.close_conn
                0x000000000800d7a4       0x9e ./Core/Src/mongoose.o
 .text.can_write
                0x000000000800d842       0x68 ./Core/Src/mongoose.o
 *fill*         0x000000000800d8aa        0x2 
 .text.mg_mgr_poll
                0x000000000800d8ac      0x170 ./Core/Src/mongoose.o
                0x000000000800d8ac                mg_mgr_poll
 .text.mg_send  0x000000000800da1c       0xb0 ./Core/Src/mongoose.o
                0x000000000800da1c                mg_send
 .text.mg_now   0x000000000800dacc       0x24 ./Core/Src/net.o
                0x000000000800dacc                mg_now
 .text.ui_event_next
                0x000000000800daf0       0xd4 ./Core/Src/net.o
                0x000000000800daf0                ui_event_next
 .text.sfn      0x000000000800dbc4       0xa0 ./Core/Src/net.o
 .text.timer_sntp_fn
                0x000000000800dc64       0x24 ./Core/Src/net.o
 .text.authenticate
                0x000000000800dc88      0x11c ./Core/Src/net.o
 .text.handle_login
                0x000000000800dda4       0xb8 ./Core/Src/net.o
 .text.handle_logout
                0x000000000800de5c       0x6c ./Core/Src/net.o
 .text.handle_debug
                0x000000000800dec8       0x48 ./Core/Src/net.o
 .text.print_int_arr
                0x000000000800df10       0x84 ./Core/Src/net.o
 .text.handle_stats_get
                0x000000000800df94       0x90 ./Core/Src/net.o
 .text.print_events
                0x000000000800e024       0xec ./Core/Src/net.o
 .text.handle_events_get
                0x000000000800e110       0x74 ./Core/Src/net.o
 .text.handle_settings_set
                0x000000000800e184      0x124 ./Core/Src/net.o
 .text.handle_settings_get
                0x000000000800e2a8       0xa4 ./Core/Src/net.o
 .text.fn       0x000000000800e34c      0x1dc ./Core/Src/net.o
 .text.web_init
                0x000000000800e528       0x5c ./Core/Src/net.o
                0x000000000800e528                web_init
 .text.scmp     0x000000000800e584       0x44 ./Core/Src/packed_fs.o
 .text.mg_unlist
                0x000000000800e5c8       0x28 ./Core/Src/packed_fs.o
                0x000000000800e5c8                mg_unlist
 .text.mg_unpack
                0x000000000800e5f0       0x6c ./Core/Src/packed_fs.o
                0x000000000800e5f0                mg_unpack
 .text.HAL_MspInit
                0x000000000800e65c       0x34 ./Core/Src/stm32h7xx_hal_msp.o
                0x000000000800e65c                HAL_MspInit
 .text.HAL_ETH_MspInit
                0x000000000800e690      0x1ac ./Core/Src/stm32h7xx_hal_msp.o
                0x000000000800e690                HAL_ETH_MspInit
 .text.HAL_RNG_MspInit
                0x000000000800e83c       0x74 ./Core/Src/stm32h7xx_hal_msp.o
                0x000000000800e83c                HAL_RNG_MspInit
 .text.HAL_UART_MspInit
                0x000000000800e8b0       0xd4 ./Core/Src/stm32h7xx_hal_msp.o
                0x000000000800e8b0                HAL_UART_MspInit
 .text.NMI_Handler
                0x000000000800e984        0x6 ./Core/Src/stm32h7xx_it.o
                0x000000000800e984                NMI_Handler
 .text.HardFault_Handler
                0x000000000800e98a        0x6 ./Core/Src/stm32h7xx_it.o
                0x000000000800e98a                HardFault_Handler
 .text.MemManage_Handler
                0x000000000800e990        0x6 ./Core/Src/stm32h7xx_it.o
                0x000000000800e990                MemManage_Handler
 .text.BusFault_Handler
                0x000000000800e996        0x6 ./Core/Src/stm32h7xx_it.o
                0x000000000800e996                BusFault_Handler
 .text.UsageFault_Handler
                0x000000000800e99c        0x6 ./Core/Src/stm32h7xx_it.o
                0x000000000800e99c                UsageFault_Handler
 .text.SVC_Handler
                0x000000000800e9a2        0xe ./Core/Src/stm32h7xx_it.o
                0x000000000800e9a2                SVC_Handler
 .text.DebugMon_Handler
                0x000000000800e9b0        0xe ./Core/Src/stm32h7xx_it.o
                0x000000000800e9b0                DebugMon_Handler
 .text.PendSV_Handler
                0x000000000800e9be        0xe ./Core/Src/stm32h7xx_it.o
                0x000000000800e9be                PendSV_Handler
 .text.SysTick_Handler
                0x000000000800e9cc        0xc ./Core/Src/stm32h7xx_it.o
                0x000000000800e9cc                SysTick_Handler
 .text._getpid  0x000000000800e9d8       0x10 ./Core/Src/syscalls.o
                0x000000000800e9d8                _getpid
 .text._kill    0x000000000800e9e8       0x20 ./Core/Src/syscalls.o
                0x000000000800e9e8                _kill
 .text._exit    0x000000000800ea08       0x14 ./Core/Src/syscalls.o
                0x000000000800ea08                _exit
 .text._read    0x000000000800ea1c       0x3a ./Core/Src/syscalls.o
                0x000000000800ea1c                _read
 *fill*         0x000000000800ea56        0x2 
 .text._write   0x000000000800ea58       0x30 ./Core/Src/syscalls.o
                0x000000000800ea58                _write
 .text._close   0x000000000800ea88       0x18 ./Core/Src/syscalls.o
                0x000000000800ea88                _close
 .text._fstat   0x000000000800eaa0       0x20 ./Core/Src/syscalls.o
                0x000000000800eaa0                _fstat
 .text._isatty  0x000000000800eac0       0x16 ./Core/Src/syscalls.o
                0x000000000800eac0                _isatty
 .text._lseek   0x000000000800ead6       0x1a ./Core/Src/syscalls.o
                0x000000000800ead6                _lseek
 .text._sbrk    0x000000000800eaf0       0x6c ./Core/Src/sysmem.o
                0x000000000800eaf0                _sbrk
 .text.SystemInit
                0x000000000800eb5c       0xf0 ./Core/Src/system_stm32h7xx.o
                0x000000000800eb5c                SystemInit
 .text.Reset_Handler
                0x000000000800ec4c       0x50 ./Core/Startup/startup_stm32h723zgtx.o
                0x000000000800ec4c                Reset_Handler
 .text.Default_Handler
                0x000000000800ec9c        0x2 ./Core/Startup/startup_stm32h723zgtx.o
                0x000000000800ec9c                RTC_Alarm_IRQHandler
                0x000000000800ec9c                EXTI2_IRQHandler
                0x000000000800ec9c                TIM8_CC_IRQHandler
                0x000000000800ec9c                UART8_IRQHandler
                0x000000000800ec9c                SPI4_IRQHandler
                0x000000000800ec9c                FDCAN3_IT0_IRQHandler
                0x000000000800ec9c                TIM1_CC_IRQHandler
                0x000000000800ec9c                BDMA_Channel6_IRQHandler
                0x000000000800ec9c                DMA2_Stream5_IRQHandler
                0x000000000800ec9c                DMA1_Stream5_IRQHandler
                0x000000000800ec9c                CORDIC_IRQHandler
                0x000000000800ec9c                BDMA_Channel1_IRQHandler
                0x000000000800ec9c                TAMP_STAMP_IRQHandler
                0x000000000800ec9c                EXTI3_IRQHandler
                0x000000000800ec9c                LPTIM4_IRQHandler
                0x000000000800ec9c                TIM8_TRG_COM_TIM14_IRQHandler
                0x000000000800ec9c                LPTIM2_IRQHandler
                0x000000000800ec9c                DFSDM1_FLT1_IRQHandler
                0x000000000800ec9c                DMAMUX2_OVR_IRQHandler
                0x000000000800ec9c                TIM8_UP_TIM13_IRQHandler
                0x000000000800ec9c                I2C3_ER_IRQHandler
                0x000000000800ec9c                DFSDM1_FLT2_IRQHandler
                0x000000000800ec9c                I2C5_EV_IRQHandler
                0x000000000800ec9c                USART10_IRQHandler
                0x000000000800ec9c                MDMA_IRQHandler
                0x000000000800ec9c                LPTIM3_IRQHandler
                0x000000000800ec9c                HSEM1_IRQHandler
                0x000000000800ec9c                EXTI0_IRQHandler
                0x000000000800ec9c                I2C2_EV_IRQHandler
                0x000000000800ec9c                DMA1_Stream2_IRQHandler
                0x000000000800ec9c                FPU_IRQHandler
                0x000000000800ec9c                OTG_HS_WKUP_IRQHandler
                0x000000000800ec9c                FDCAN1_IT1_IRQHandler
                0x000000000800ec9c                LTDC_ER_IRQHandler
                0x000000000800ec9c                DMA2_Stream2_IRQHandler
                0x000000000800ec9c                SPI1_IRQHandler
                0x000000000800ec9c                OCTOSPI1_IRQHandler
                0x000000000800ec9c                TIM6_DAC_IRQHandler
                0x000000000800ec9c                DMA2_Stream3_IRQHandler
                0x000000000800ec9c                OCTOSPI2_IRQHandler
                0x000000000800ec9c                DFSDM1_FLT3_IRQHandler
                0x000000000800ec9c                TIM23_IRQHandler
                0x000000000800ec9c                USART6_IRQHandler
                0x000000000800ec9c                TIM17_IRQHandler
                0x000000000800ec9c                USART3_IRQHandler
                0x000000000800ec9c                BDMA_Channel7_IRQHandler
                0x000000000800ec9c                LPTIM5_IRQHandler
                0x000000000800ec9c                UART5_IRQHandler
                0x000000000800ec9c                ADC3_IRQHandler
                0x000000000800ec9c                DMA2_Stream0_IRQHandler
                0x000000000800ec9c                TIM4_IRQHandler
                0x000000000800ec9c                BDMA_Channel2_IRQHandler
                0x000000000800ec9c                I2C1_EV_IRQHandler
                0x000000000800ec9c                DMA1_Stream6_IRQHandler
                0x000000000800ec9c                DMAMUX1_OVR_IRQHandler
                0x000000000800ec9c                DMA1_Stream1_IRQHandler
                0x000000000800ec9c                TIM16_IRQHandler
                0x000000000800ec9c                UART4_IRQHandler
                0x000000000800ec9c                BDMA_Channel5_IRQHandler
                0x000000000800ec9c                TIM3_IRQHandler
                0x000000000800ec9c                RCC_IRQHandler
                0x000000000800ec9c                UART9_IRQHandler
                0x000000000800ec9c                TIM8_BRK_TIM12_IRQHandler
                0x000000000800ec9c                TIM1_TRG_COM_IRQHandler
                0x000000000800ec9c                Default_Handler
                0x000000000800ec9c                ECC_IRQHandler
                0x000000000800ec9c                FMAC_IRQHandler
                0x000000000800ec9c                CEC_IRQHandler
                0x000000000800ec9c                EXTI15_10_IRQHandler
                0x000000000800ec9c                BDMA_Channel0_IRQHandler
                0x000000000800ec9c                ADC_IRQHandler
                0x000000000800ec9c                I2C5_ER_IRQHandler
                0x000000000800ec9c                DMA1_Stream7_IRQHandler
                0x000000000800ec9c                SPI5_IRQHandler
                0x000000000800ec9c                TIM7_IRQHandler
                0x000000000800ec9c                FDCAN3_IT1_IRQHandler
                0x000000000800ec9c                SDMMC1_IRQHandler
                0x000000000800ec9c                TIM5_IRQHandler
                0x000000000800ec9c                DMA2_Stream7_IRQHandler
                0x000000000800ec9c                TIM15_IRQHandler
                0x000000000800ec9c                PVD_AVD_IRQHandler
                0x000000000800ec9c                I2C3_EV_IRQHandler
                0x000000000800ec9c                EXTI9_5_IRQHandler
                0x000000000800ec9c                RTC_WKUP_IRQHandler
                0x000000000800ec9c                LTDC_IRQHandler
                0x000000000800ec9c                ETH_WKUP_IRQHandler
                0x000000000800ec9c                SPDIF_RX_IRQHandler
                0x000000000800ec9c                SPI2_IRQHandler
                0x000000000800ec9c                OTG_HS_EP1_IN_IRQHandler
                0x000000000800ec9c                DMA1_Stream0_IRQHandler
                0x000000000800ec9c                TIM24_IRQHandler
                0x000000000800ec9c                CRS_IRQHandler
                0x000000000800ec9c                EXTI4_IRQHandler
                0x000000000800ec9c                RNG_IRQHandler
                0x000000000800ec9c                FDCAN2_IT1_IRQHandler
                0x000000000800ec9c                TIM1_UP_IRQHandler
                0x000000000800ec9c                BDMA_Channel4_IRQHandler
                0x000000000800ec9c                OTG_HS_EP1_OUT_IRQHandler
                0x000000000800ec9c                WWDG_IRQHandler
                0x000000000800ec9c                SPI6_IRQHandler
                0x000000000800ec9c                MDIOS_IRQHandler
                0x000000000800ec9c                I2C4_EV_IRQHandler
                0x000000000800ec9c                FDCAN2_IT0_IRQHandler
                0x000000000800ec9c                LPUART1_IRQHandler
                0x000000000800ec9c                FDCAN1_IT0_IRQHandler
                0x000000000800ec9c                TIM2_IRQHandler
                0x000000000800ec9c                OTG_HS_IRQHandler
                0x000000000800ec9c                DMA2D_IRQHandler
                0x000000000800ec9c                TIM1_BRK_IRQHandler
                0x000000000800ec9c                EXTI1_IRQHandler
                0x000000000800ec9c                SDMMC2_IRQHandler
                0x000000000800ec9c                BDMA_Channel3_IRQHandler
                0x000000000800ec9c                DTS_IRQHandler
                0x000000000800ec9c                UART7_IRQHandler
                0x000000000800ec9c                MDIOS_WKUP_IRQHandler
                0x000000000800ec9c                USART2_IRQHandler
                0x000000000800ec9c                DFSDM1_FLT0_IRQHandler
                0x000000000800ec9c                SAI4_IRQHandler
                0x000000000800ec9c                I2C2_ER_IRQHandler
                0x000000000800ec9c                DMA2_Stream1_IRQHandler
                0x000000000800ec9c                FLASH_IRQHandler
                0x000000000800ec9c                DMA2_Stream4_IRQHandler
                0x000000000800ec9c                USART1_IRQHandler
                0x000000000800ec9c                SPI3_IRQHandler
                0x000000000800ec9c                WAKEUP_PIN_IRQHandler
                0x000000000800ec9c                DMA1_Stream4_IRQHandler
                0x000000000800ec9c                I2C1_ER_IRQHandler
                0x000000000800ec9c                FMC_IRQHandler
                0x000000000800ec9c                FDCAN_CAL_IRQHandler
                0x000000000800ec9c                SWPMI1_IRQHandler
                0x000000000800ec9c                COMP1_IRQHandler
                0x000000000800ec9c                LPTIM1_IRQHandler
                0x000000000800ec9c                DCMI_PSSI_IRQHandler
                0x000000000800ec9c                I2C4_ER_IRQHandler
                0x000000000800ec9c                DMA2_Stream6_IRQHandler
                0x000000000800ec9c                SAI1_IRQHandler
                0x000000000800ec9c                DMA1_Stream3_IRQHandler
 *fill*         0x000000000800ec9e        0x2 
 .text.HAL_Init
                0x000000000800eca0       0x78 ./Drivers/STM32H7xx_HAL_Driver/Src/stm32h7xx_hal.o
                0x000000000800eca0                HAL_Init
 .text.HAL_InitTick
                0x000000000800ed18       0x6c ./Drivers/STM32H7xx_HAL_Driver/Src/stm32h7xx_hal.o
                0x000000000800ed18                HAL_InitTick
 .text.HAL_IncTick
                0x000000000800ed84       0x28 ./Drivers/STM32H7xx_HAL_Driver/Src/stm32h7xx_hal.o
                0x000000000800ed84                HAL_IncTick
 .text.HAL_GetTick
                0x000000000800edac       0x18 ./Drivers/STM32H7xx_HAL_Driver/Src/stm32h7xx_hal.o
                0x000000000800edac                HAL_GetTick
 .text.HAL_SYSCFG_ETHInterfaceSelect
                0x000000000800edc4       0x28 ./Drivers/STM32H7xx_HAL_Driver/Src/stm32h7xx_hal.o
                0x000000000800edc4                HAL_SYSCFG_ETHInterfaceSelect
 .text.__NVIC_SetPriorityGrouping
                0x000000000800edec       0x48 ./Drivers/STM32H7xx_HAL_Driver/Src/stm32h7xx_hal_cortex.o
 .text.__NVIC_GetPriorityGrouping
                0x000000000800ee34       0x1c ./Drivers/STM32H7xx_HAL_Driver/Src/stm32h7xx_hal_cortex.o
 .text.__NVIC_EnableIRQ
                0x000000000800ee50       0x3c ./Drivers/STM32H7xx_HAL_Driver/Src/stm32h7xx_hal_cortex.o
 .text.__NVIC_SetPriority
                0x000000000800ee8c       0x54 ./Drivers/STM32H7xx_HAL_Driver/Src/stm32h7xx_hal_cortex.o
 .text.NVIC_EncodePriority
                0x000000000800eee0       0x66 ./Drivers/STM32H7xx_HAL_Driver/Src/stm32h7xx_hal_cortex.o
 *fill*         0x000000000800ef46        0x2 
 .text.SysTick_Config
                0x000000000800ef48       0x44 ./Drivers/STM32H7xx_HAL_Driver/Src/stm32h7xx_hal_cortex.o
 .text.HAL_NVIC_SetPriorityGrouping
                0x000000000800ef8c       0x16 ./Drivers/STM32H7xx_HAL_Driver/Src/stm32h7xx_hal_cortex.o
                0x000000000800ef8c                HAL_NVIC_SetPriorityGrouping
 .text.HAL_NVIC_SetPriority
                0x000000000800efa2       0x34 ./Drivers/STM32H7xx_HAL_Driver/Src/stm32h7xx_hal_cortex.o
                0x000000000800efa2                HAL_NVIC_SetPriority
 .text.HAL_NVIC_EnableIRQ
                0x000000000800efd6       0x1c ./Drivers/STM32H7xx_HAL_Driver/Src/stm32h7xx_hal_cortex.o
                0x000000000800efd6                HAL_NVIC_EnableIRQ
 .text.HAL_SYSTICK_Config
                0x000000000800eff2       0x18 ./Drivers/STM32H7xx_HAL_Driver/Src/stm32h7xx_hal_cortex.o
                0x000000000800eff2                HAL_SYSTICK_Config
 *fill*         0x000000000800f00a        0x2 
 .text.HAL_ETH_Init
                0x000000000800f00c      0x1cc ./Drivers/STM32H7xx_HAL_Driver/Src/stm32h7xx_hal_eth.o
                0x000000000800f00c                HAL_ETH_Init
 .text.HAL_ETH_SetMDIOClockRange
                0x000000000800f1d8       0xb0 ./Drivers/STM32H7xx_HAL_Driver/Src/stm32h7xx_hal_eth.o
                0x000000000800f1d8                HAL_ETH_SetMDIOClockRange
 .text.ETH_SetMACConfig
                0x000000000800f288      0x238 ./Drivers/STM32H7xx_HAL_Driver/Src/stm32h7xx_hal_eth.o
 .text.ETH_SetDMAConfig
                0x000000000800f4c0      0x10c ./Drivers/STM32H7xx_HAL_Driver/Src/stm32h7xx_hal_eth.o
 .text.ETH_MACDMAConfig
                0x000000000800f5cc      0x13a ./Drivers/STM32H7xx_HAL_Driver/Src/stm32h7xx_hal_eth.o
 .text.ETH_DMATxDescListInit
                0x000000000800f706       0x92 ./Drivers/STM32H7xx_HAL_Driver/Src/stm32h7xx_hal_eth.o
 .text.ETH_DMARxDescListInit
                0x000000000800f798       0xba ./Drivers/STM32H7xx_HAL_Driver/Src/stm32h7xx_hal_eth.o
 *fill*         0x000000000800f852        0x2 
 .text.HAL_GPIO_Init
                0x000000000800f854      0x350 ./Drivers/STM32H7xx_HAL_Driver/Src/stm32h7xx_hal_gpio.o
                0x000000000800f854                HAL_GPIO_Init
 .text.HAL_GPIO_WritePin
                0x000000000800fba4       0x32 ./Drivers/STM32H7xx_HAL_Driver/Src/stm32h7xx_hal_gpio.o
                0x000000000800fba4                HAL_GPIO_WritePin
 .text.HAL_GPIO_TogglePin
                0x000000000800fbd6       0x34 ./Drivers/STM32H7xx_HAL_Driver/Src/stm32h7xx_hal_gpio.o
                0x000000000800fbd6                HAL_GPIO_TogglePin
 *fill*         0x000000000800fc0a        0x2 
 .text.HAL_PWREx_ConfigSupply
                0x000000000800fc0c       0x74 ./Drivers/STM32H7xx_HAL_Driver/Src/stm32h7xx_hal_pwr_ex.o
                0x000000000800fc0c                HAL_PWREx_ConfigSupply
 .text.HAL_RCC_OscConfig
                0x000000000800fc80      0x7b4 ./Drivers/STM32H7xx_HAL_Driver/Src/stm32h7xx_hal_rcc.o
                0x000000000800fc80                HAL_RCC_OscConfig
 .text.HAL_RCC_ClockConfig
                0x0000000008010434      0x36c ./Drivers/STM32H7xx_HAL_Driver/Src/stm32h7xx_hal_rcc.o
                0x0000000008010434                HAL_RCC_ClockConfig
 .text.HAL_RCC_GetSysClockFreq
                0x00000000080107a0      0x2f4 ./Drivers/STM32H7xx_HAL_Driver/Src/stm32h7xx_hal_rcc.o
                0x00000000080107a0                HAL_RCC_GetSysClockFreq
 .text.HAL_RCC_GetHCLKFreq
                0x0000000008010a94       0x60 ./Drivers/STM32H7xx_HAL_Driver/Src/stm32h7xx_hal_rcc.o
                0x0000000008010a94                HAL_RCC_GetHCLKFreq
 .text.HAL_RCC_GetPCLK1Freq
                0x0000000008010af4       0x2c ./Drivers/STM32H7xx_HAL_Driver/Src/stm32h7xx_hal_rcc.o
                0x0000000008010af4                HAL_RCC_GetPCLK1Freq
 .text.HAL_RCC_GetPCLK2Freq
                0x0000000008010b20       0x2c ./Drivers/STM32H7xx_HAL_Driver/Src/stm32h7xx_hal_rcc.o
                0x0000000008010b20                HAL_RCC_GetPCLK2Freq
 .text.HAL_RCCEx_PeriphCLKConfig
                0x0000000008010b4c     0x1340 ./Drivers/STM32H7xx_HAL_Driver/Src/stm32h7xx_hal_rcc_ex.o
                0x0000000008010b4c                HAL_RCCEx_PeriphCLKConfig
 .text.HAL_RCCEx_GetD3PCLK1Freq
                0x0000000008011e8c       0x2c ./Drivers/STM32H7xx_HAL_Driver/Src/stm32h7xx_hal_rcc_ex.o
                0x0000000008011e8c                HAL_RCCEx_GetD3PCLK1Freq
 .text.HAL_RCCEx_GetPLL2ClockFreq
                0x0000000008011eb8      0x2a8 ./Drivers/STM32H7xx_HAL_Driver/Src/stm32h7xx_hal_rcc_ex.o
                0x0000000008011eb8                HAL_RCCEx_GetPLL2ClockFreq
 .text.HAL_RCCEx_GetPLL3ClockFreq
                0x0000000008012160      0x2a8 ./Drivers/STM32H7xx_HAL_Driver/Src/stm32h7xx_hal_rcc_ex.o
                0x0000000008012160                HAL_RCCEx_GetPLL3ClockFreq
 .text.RCCEx_PLL2_Config
                0x0000000008012408      0x164 ./Drivers/STM32H7xx_HAL_Driver/Src/stm32h7xx_hal_rcc_ex.o
 .text.RCCEx_PLL3_Config
                0x000000000801256c      0x164 ./Drivers/STM32H7xx_HAL_Driver/Src/stm32h7xx_hal_rcc_ex.o
 .text.HAL_RNG_Init
                0x00000000080126d0      0x148 ./Drivers/STM32H7xx_HAL_Driver/Src/stm32h7xx_hal_rng.o
                0x00000000080126d0                HAL_RNG_Init
 .text.HAL_RNG_GenerateRandomNumber
                0x0000000008012818       0xfe ./Drivers/STM32H7xx_HAL_Driver/Src/stm32h7xx_hal_rng.o
                0x0000000008012818                HAL_RNG_GenerateRandomNumber
 .text.HAL_RNG_ErrorCallback
                0x0000000008012916       0x14 ./Drivers/STM32H7xx_HAL_Driver/Src/stm32h7xx_hal_rng.o
                0x0000000008012916                HAL_RNG_ErrorCallback
 .text.RNG_RecoverSeedError
                0x000000000801292a      0x102 ./Drivers/STM32H7xx_HAL_Driver/Src/stm32h7xx_hal_rng.o
                0x000000000801292a                RNG_RecoverSeedError
 .text.HAL_UART_Init
                0x0000000008012a2c       0xa0 ./Drivers/STM32H7xx_HAL_Driver/Src/stm32h7xx_hal_uart.o
                0x0000000008012a2c                HAL_UART_Init
 .text.HAL_UART_Transmit
                0x0000000008012acc      0x11c ./Drivers/STM32H7xx_HAL_Driver/Src/stm32h7xx_hal_uart.o
                0x0000000008012acc                HAL_UART_Transmit
 .text.UART_SetConfig
                0x0000000008012be8      0xcd8 ./Drivers/STM32H7xx_HAL_Driver/Src/stm32h7xx_hal_uart.o
                0x0000000008012be8                UART_SetConfig
 .text.UART_AdvFeatureConfig
                0x00000000080138c0      0x144 ./Drivers/STM32H7xx_HAL_Driver/Src/stm32h7xx_hal_uart.o
                0x00000000080138c0                UART_AdvFeatureConfig
 .text.UART_CheckIdleState
                0x0000000008013a04      0x154 ./Drivers/STM32H7xx_HAL_Driver/Src/stm32h7xx_hal_uart.o
                0x0000000008013a04                UART_CheckIdleState
 .text.UART_WaitOnFlagUntilTimeout
                0x0000000008013b58       0xce ./Drivers/STM32H7xx_HAL_Driver/Src/stm32h7xx_hal_uart.o
                0x0000000008013b58                UART_WaitOnFlagUntilTimeout
 *fill*         0x0000000008013c26        0x2 
 .text.UART_EndRxTransfer
                0x0000000008013c28       0xcc ./Drivers/STM32H7xx_HAL_Driver/Src/stm32h7xx_hal_uart.o
 .text.HAL_UARTEx_DisableFifoMode
                0x0000000008013cf4       0x72 ./Drivers/STM32H7xx_HAL_Driver/Src/stm32h7xx_hal_uart_ex.o
                0x0000000008013cf4                HAL_UARTEx_DisableFifoMode
 .text.HAL_UARTEx_SetTxFifoThreshold
                0x0000000008013d66       0x7c ./Drivers/STM32H7xx_HAL_Driver/Src/stm32h7xx_hal_uart_ex.o
                0x0000000008013d66                HAL_UARTEx_SetTxFifoThreshold
 .text.HAL_UARTEx_SetRxFifoThreshold
                0x0000000008013de2       0x7c ./Drivers/STM32H7xx_HAL_Driver/Src/stm32h7xx_hal_uart_ex.o
                0x0000000008013de2                HAL_UARTEx_SetRxFifoThreshold
 *fill*         0x0000000008013e5e        0x2 
 .text.UARTEx_SetNbDataToProcess
                0x0000000008013e60       0x9c ./Drivers/STM32H7xx_HAL_Driver/Src/stm32h7xx_hal_uart_ex.o
 .text.__assert_func
                0x0000000008013efc       0x3c C:/ST/STM32CubeIDE_1.13.1/STM32CubeIDE/plugins/com.st.stm32cube.ide.mcu.externaltools.gnu-tools-for-stm32.11.3.rel1.win32_1.1.0.202305231506/tools/bin/../lib/gcc/arm-none-eabi/11.3.1/../../../../arm-none-eabi/lib/thumb/v7e-m+dp/hard\libc_nano.a(libc_a-assert.o)
                0x0000000008013efc                __assert_func
 .text.atoi     0x0000000008013f38        0x8 C:/ST/STM32CubeIDE_1.13.1/STM32CubeIDE/plugins/com.st.stm32cube.ide.mcu.externaltools.gnu-tools-for-stm32.11.3.rel1.win32_1.1.0.202305231506/tools/bin/../lib/gcc/arm-none-eabi/11.3.1/../../../../arm-none-eabi/lib/thumb/v7e-m+dp/hard\libc_nano.a(libc_a-atoi.o)
                0x0000000008013f38                atoi
 .text.calloc   0x0000000008013f40       0x10 C:/ST/STM32CubeIDE_1.13.1/STM32CubeIDE/plugins/com.st.stm32cube.ide.mcu.externaltools.gnu-tools-for-stm32.11.3.rel1.win32_1.1.0.202305231506/tools/bin/../lib/gcc/arm-none-eabi/11.3.1/../../../../arm-none-eabi/lib/thumb/v7e-m+dp/hard\libc_nano.a(libc_a-calloc.o)
                0x0000000008013f40                calloc
 .text._calloc_r
                0x0000000008013f50       0x2c C:/ST/STM32CubeIDE_1.13.1/STM32CubeIDE/plugins/com.st.stm32cube.ide.mcu.externaltools.gnu-tools-for-stm32.11.3.rel1.win32_1.1.0.202305231506/tools/bin/../lib/gcc/arm-none-eabi/11.3.1/../../../../arm-none-eabi/lib/thumb/v7e-m+dp/hard\libc_nano.a(libc_a-callocr.o)
                0x0000000008013f50                _calloc_r
 .text.malloc   0x0000000008013f7c       0x10 C:/ST/STM32CubeIDE_1.13.1/STM32CubeIDE/plugins/com.st.stm32cube.ide.mcu.externaltools.gnu-tools-for-stm32.11.3.rel1.win32_1.1.0.202305231506/tools/bin/../lib/gcc/arm-none-eabi/11.3.1/../../../../arm-none-eabi/lib/thumb/v7e-m+dp/hard\libc_nano.a(libc_a-malloc.o)
                0x0000000008013f7c                malloc
 .text.free     0x0000000008013f8c       0x10 C:/ST/STM32CubeIDE_1.13.1/STM32CubeIDE/plugins/com.st.stm32cube.ide.mcu.externaltools.gnu-tools-for-stm32.11.3.rel1.win32_1.1.0.202305231506/tools/bin/../lib/gcc/arm-none-eabi/11.3.1/../../../../arm-none-eabi/lib/thumb/v7e-m+dp/hard\libc_nano.a(libc_a-malloc.o)
                0x0000000008013f8c                free
 .text.sbrk_aligned
                0x0000000008013f9c       0x40 C:/ST/STM32CubeIDE_1.13.1/STM32CubeIDE/plugins/com.st.stm32cube.ide.mcu.externaltools.gnu-tools-for-stm32.11.3.rel1.win32_1.1.0.202305231506/tools/bin/../lib/gcc/arm-none-eabi/11.3.1/../../../../arm-none-eabi/lib/thumb/v7e-m+dp/hard\libc_nano.a(libc_a-mallocr.o)
 .text._malloc_r
                0x0000000008013fdc      0x100 C:/ST/STM32CubeIDE_1.13.1/STM32CubeIDE/plugins/com.st.stm32cube.ide.mcu.externaltools.gnu-tools-for-stm32.11.3.rel1.win32_1.1.0.202305231506/tools/bin/../lib/gcc/arm-none-eabi/11.3.1/../../../../arm-none-eabi/lib/thumb/v7e-m+dp/hard\libc_nano.a(libc_a-mallocr.o)
                0x0000000008013fdc                _malloc_r
 .text.__malloc_lock
                0x00000000080140dc        0xc C:/ST/STM32CubeIDE_1.13.1/STM32CubeIDE/plugins/com.st.stm32cube.ide.mcu.externaltools.gnu-tools-for-stm32.11.3.rel1.win32_1.1.0.202305231506/tools/bin/../lib/gcc/arm-none-eabi/11.3.1/../../../../arm-none-eabi/lib/thumb/v7e-m+dp/hard\libc_nano.a(libc_a-mlock.o)
                0x00000000080140dc                __malloc_lock
 .text.__malloc_unlock
                0x00000000080140e8        0xc C:/ST/STM32CubeIDE_1.13.1/STM32CubeIDE/plugins/com.st.stm32cube.ide.mcu.externaltools.gnu-tools-for-stm32.11.3.rel1.win32_1.1.0.202305231506/tools/bin/../lib/gcc/arm-none-eabi/11.3.1/../../../../arm-none-eabi/lib/thumb/v7e-m+dp/hard\libc_nano.a(libc_a-mlock.o)
                0x00000000080140e8                __malloc_unlock
 .text.srand    0x00000000080140f4       0x5c C:/ST/STM32CubeIDE_1.13.1/STM32CubeIDE/plugins/com.st.stm32cube.ide.mcu.externaltools.gnu-tools-for-stm32.11.3.rel1.win32_1.1.0.202305231506/tools/bin/../lib/gcc/arm-none-eabi/11.3.1/../../../../arm-none-eabi/lib/thumb/v7e-m+dp/hard\libc_nano.a(libc_a-rand.o)
                0x00000000080140f4                srand
 .text.rand     0x0000000008014150       0x7c C:/ST/STM32CubeIDE_1.13.1/STM32CubeIDE/plugins/com.st.stm32cube.ide.mcu.externaltools.gnu-tools-for-stm32.11.3.rel1.win32_1.1.0.202305231506/tools/bin/../lib/gcc/arm-none-eabi/11.3.1/../../../../arm-none-eabi/lib/thumb/v7e-m+dp/hard\libc_nano.a(libc_a-rand.o)
                0x0000000008014150                rand
 .text._strtol_l.constprop.0
                0x00000000080141cc      0x104 C:/ST/STM32CubeIDE_1.13.1/STM32CubeIDE/plugins/com.st.stm32cube.ide.mcu.externaltools.gnu-tools-for-stm32.11.3.rel1.win32_1.1.0.202305231506/tools/bin/../lib/gcc/arm-none-eabi/11.3.1/../../../../arm-none-eabi/lib/thumb/v7e-m+dp/hard\libc_nano.a(libc_a-strtol.o)
 .text.strtol   0x00000000080142d0       0x14 C:/ST/STM32CubeIDE_1.13.1/STM32CubeIDE/plugins/com.st.stm32cube.ide.mcu.externaltools.gnu-tools-for-stm32.11.3.rel1.win32_1.1.0.202305231506/tools/bin/../lib/gcc/arm-none-eabi/11.3.1/../../../../arm-none-eabi/lib/thumb/v7e-m+dp/hard\libc_nano.a(libc_a-strtol.o)
                0x00000000080142d0                strtol
 .text.std      0x00000000080142e4       0x48 C:/ST/STM32CubeIDE_1.13.1/STM32CubeIDE/plugins/com.st.stm32cube.ide.mcu.externaltools.gnu-tools-for-stm32.11.3.rel1.win32_1.1.0.202305231506/tools/bin/../lib/gcc/arm-none-eabi/11.3.1/../../../../arm-none-eabi/lib/thumb/v7e-m+dp/hard\libc_nano.a(libc_a-findfp.o)
 .text.stdio_exit_handler
                0x000000000801432c       0x18 C:/ST/STM32CubeIDE_1.13.1/STM32CubeIDE/plugins/com.st.stm32cube.ide.mcu.externaltools.gnu-tools-for-stm32.11.3.rel1.win32_1.1.0.202305231506/tools/bin/../lib/gcc/arm-none-eabi/11.3.1/../../../../arm-none-eabi/lib/thumb/v7e-m+dp/hard\libc_nano.a(libc_a-findfp.o)
 .text.cleanup_stdio
                0x0000000008014344       0x40 C:/ST/STM32CubeIDE_1.13.1/STM32CubeIDE/plugins/com.st.stm32cube.ide.mcu.externaltools.gnu-tools-for-stm32.11.3.rel1.win32_1.1.0.202305231506/tools/bin/../lib/gcc/arm-none-eabi/11.3.1/../../../../arm-none-eabi/lib/thumb/v7e-m+dp/hard\libc_nano.a(libc_a-findfp.o)
 .text.global_stdio_init.part.0
                0x0000000008014384       0x3c C:/ST/STM32CubeIDE_1.13.1/STM32CubeIDE/plugins/com.st.stm32cube.ide.mcu.externaltools.gnu-tools-for-stm32.11.3.rel1.win32_1.1.0.202305231506/tools/bin/../lib/gcc/arm-none-eabi/11.3.1/../../../../arm-none-eabi/lib/thumb/v7e-m+dp/hard\libc_nano.a(libc_a-findfp.o)
 .text.__sfp_lock_acquire
                0x00000000080143c0        0xc C:/ST/STM32CubeIDE_1.13.1/STM32CubeIDE/plugins/com.st.stm32cube.ide.mcu.externaltools.gnu-tools-for-stm32.11.3.rel1.win32_1.1.0.202305231506/tools/bin/../lib/gcc/arm-none-eabi/11.3.1/../../../../arm-none-eabi/lib/thumb/v7e-m+dp/hard\libc_nano.a(libc_a-findfp.o)
                0x00000000080143c0                __sfp_lock_acquire
 .text.__sfp_lock_release
                0x00000000080143cc        0xc C:/ST/STM32CubeIDE_1.13.1/STM32CubeIDE/plugins/com.st.stm32cube.ide.mcu.externaltools.gnu-tools-for-stm32.11.3.rel1.win32_1.1.0.202305231506/tools/bin/../lib/gcc/arm-none-eabi/11.3.1/../../../../arm-none-eabi/lib/thumb/v7e-m+dp/hard\libc_nano.a(libc_a-findfp.o)
                0x00000000080143cc                __sfp_lock_release
 .text.__sinit  0x00000000080143d8       0x30 C:/ST/STM32CubeIDE_1.13.1/STM32CubeIDE/plugins/com.st.stm32cube.ide.mcu.externaltools.gnu-tools-for-stm32.11.3.rel1.win32_1.1.0.202305231506/tools/bin/../lib/gcc/arm-none-eabi/11.3.1/../../../../arm-none-eabi/lib/thumb/v7e-m+dp/hard\libc_nano.a(libc_a-findfp.o)
                0x00000000080143d8                __sinit
 .text.fprintf  0x0000000008014408       0x24 C:/ST/STM32CubeIDE_1.13.1/STM32CubeIDE/plugins/com.st.stm32cube.ide.mcu.externaltools.gnu-tools-for-stm32.11.3.rel1.win32_1.1.0.202305231506/tools/bin/../lib/gcc/arm-none-eabi/11.3.1/../../../../arm-none-eabi/lib/thumb/v7e-m+dp/hard\libc_nano.a(libc_a-fprintf.o)
                0x0000000008014408                fiprintf
                0x0000000008014408                fprintf
 .text._fwalk_sglue
                0x000000000801442c       0x3c C:/ST/STM32CubeIDE_1.13.1/STM32CubeIDE/plugins/com.st.stm32cube.ide.mcu.externaltools.gnu-tools-for-stm32.11.3.rel1.win32_1.1.0.202305231506/tools/bin/../lib/gcc/arm-none-eabi/11.3.1/../../../../arm-none-eabi/lib/thumb/v7e-m+dp/hard\libc_nano.a(libc_a-fwalk.o)
                0x000000000801442c                _fwalk_sglue
 .text.putchar  0x0000000008014468       0x10 C:/ST/STM32CubeIDE_1.13.1/STM32CubeIDE/plugins/com.st.stm32cube.ide.mcu.externaltools.gnu-tools-for-stm32.11.3.rel1.win32_1.1.0.202305231506/tools/bin/../lib/gcc/arm-none-eabi/11.3.1/../../../../arm-none-eabi/lib/thumb/v7e-m+dp/hard\libc_nano.a(libc_a-putchar.o)
                0x0000000008014468                putchar
 .text._puts_r  0x0000000008014478       0xa8 C:/ST/STM32CubeIDE_1.13.1/STM32CubeIDE/plugins/com.st.stm32cube.ide.mcu.externaltools.gnu-tools-for-stm32.11.3.rel1.win32_1.1.0.202305231506/tools/bin/../lib/gcc/arm-none-eabi/11.3.1/../../../../arm-none-eabi/lib/thumb/v7e-m+dp/hard\libc_nano.a(libc_a-puts.o)
                0x0000000008014478                _puts_r
 .text.puts     0x0000000008014520       0x10 C:/ST/STM32CubeIDE_1.13.1/STM32CubeIDE/plugins/com.st.stm32cube.ide.mcu.externaltools.gnu-tools-for-stm32.11.3.rel1.win32_1.1.0.202305231506/tools/bin/../lib/gcc/arm-none-eabi/11.3.1/../../../../arm-none-eabi/lib/thumb/v7e-m+dp/hard\libc_nano.a(libc_a-puts.o)
                0x0000000008014520                puts
 .text.__sread  0x0000000008014530       0x22 C:/ST/STM32CubeIDE_1.13.1/STM32CubeIDE/plugins/com.st.stm32cube.ide.mcu.externaltools.gnu-tools-for-stm32.11.3.rel1.win32_1.1.0.202305231506/tools/bin/../lib/gcc/arm-none-eabi/11.3.1/../../../../arm-none-eabi/lib/thumb/v7e-m+dp/hard\libc_nano.a(libc_a-stdio.o)
                0x0000000008014530                __sread
 .text.__swrite
                0x0000000008014552       0x38 C:/ST/STM32CubeIDE_1.13.1/STM32CubeIDE/plugins/com.st.stm32cube.ide.mcu.externaltools.gnu-tools-for-stm32.11.3.rel1.win32_1.1.0.202305231506/tools/bin/../lib/gcc/arm-none-eabi/11.3.1/../../../../arm-none-eabi/lib/thumb/v7e-m+dp/hard\libc_nano.a(libc_a-stdio.o)
                0x0000000008014552                __swrite
 .text.__sseek  0x000000000801458a       0x24 C:/ST/STM32CubeIDE_1.13.1/STM32CubeIDE/plugins/com.st.stm32cube.ide.mcu.externaltools.gnu-tools-for-stm32.11.3.rel1.win32_1.1.0.202305231506/tools/bin/../lib/gcc/arm-none-eabi/11.3.1/../../../../arm-none-eabi/lib/thumb/v7e-m+dp/hard\libc_nano.a(libc_a-stdio.o)
                0x000000000801458a                __sseek
 .text.__sclose
                0x00000000080145ae        0x8 C:/ST/STM32CubeIDE_1.13.1/STM32CubeIDE/plugins/com.st.stm32cube.ide.mcu.externaltools.gnu-tools-for-stm32.11.3.rel1.win32_1.1.0.202305231506/tools/bin/../lib/gcc/arm-none-eabi/11.3.1/../../../../arm-none-eabi/lib/thumb/v7e-m+dp/hard\libc_nano.a(libc_a-stdio.o)
                0x00000000080145ae                __sclose
 .text.__swbuf_r
                0x00000000080145b6       0x7a C:/ST/STM32CubeIDE_1.13.1/STM32CubeIDE/plugins/com.st.stm32cube.ide.mcu.externaltools.gnu-tools-for-stm32.11.3.rel1.win32_1.1.0.202305231506/tools/bin/../lib/gcc/arm-none-eabi/11.3.1/../../../../arm-none-eabi/lib/thumb/v7e-m+dp/hard\libc_nano.a(libc_a-wbuf.o)
                0x00000000080145b6                __swbuf_r
 .text.__swsetup_r
                0x0000000008014630       0xb0 C:/ST/STM32CubeIDE_1.13.1/STM32CubeIDE/plugins/com.st.stm32cube.ide.mcu.externaltools.gnu-tools-for-stm32.11.3.rel1.win32_1.1.0.202305231506/tools/bin/../lib/gcc/arm-none-eabi/11.3.1/../../../../arm-none-eabi/lib/thumb/v7e-m+dp/hard\libc_nano.a(libc_a-wsetup.o)
                0x0000000008014630                __swsetup_r
 .text.memcmp   0x00000000080146e0       0x20 C:/ST/STM32CubeIDE_1.13.1/STM32CubeIDE/plugins/com.st.stm32cube.ide.mcu.externaltools.gnu-tools-for-stm32.11.3.rel1.win32_1.1.0.202305231506/tools/bin/../lib/gcc/arm-none-eabi/11.3.1/../../../../arm-none-eabi/lib/thumb/v7e-m+dp/hard\libc_nano.a(libc_a-memcmp.o)
                0x00000000080146e0                memcmp
 .text.memmove  0x0000000008014700       0x34 C:/ST/STM32CubeIDE_1.13.1/STM32CubeIDE/plugins/com.st.stm32cube.ide.mcu.externaltools.gnu-tools-for-stm32.11.3.rel1.win32_1.1.0.202305231506/tools/bin/../lib/gcc/arm-none-eabi/11.3.1/../../../../arm-none-eabi/lib/thumb/v7e-m+dp/hard\libc_nano.a(libc_a-memmove.o)
                0x0000000008014700                memmove
 .text.memset   0x0000000008014734       0x10 C:/ST/STM32CubeIDE_1.13.1/STM32CubeIDE/plugins/com.st.stm32cube.ide.mcu.externaltools.gnu-tools-for-stm32.11.3.rel1.win32_1.1.0.202305231506/tools/bin/../lib/gcc/arm-none-eabi/11.3.1/../../../../arm-none-eabi/lib/thumb/v7e-m+dp/hard\libc_nano.a(libc_a-memset.o)
                0x0000000008014734                memset
 .text.strchr   0x0000000008014744       0x1a C:/ST/STM32CubeIDE_1.13.1/STM32CubeIDE/plugins/com.st.stm32cube.ide.mcu.externaltools.gnu-tools-for-stm32.11.3.rel1.win32_1.1.0.202305231506/tools/bin/../lib/gcc/arm-none-eabi/11.3.1/../../../../arm-none-eabi/lib/thumb/v7e-m+dp/hard\libc_nano.a(libc_a-strchr.o)
                0x0000000008014744                strchr
 *fill*         0x000000000801475e        0x2 
 .text.strdup   0x0000000008014760       0x10 C:/ST/STM32CubeIDE_1.13.1/STM32CubeIDE/plugins/com.st.stm32cube.ide.mcu.externaltools.gnu-tools-for-stm32.11.3.rel1.win32_1.1.0.202305231506/tools/bin/../lib/gcc/arm-none-eabi/11.3.1/../../../../arm-none-eabi/lib/thumb/v7e-m+dp/hard\libc_nano.a(libc_a-strdup.o)
                0x0000000008014760                strdup
 .text._strdup_r
                0x0000000008014770       0x2a C:/ST/STM32CubeIDE_1.13.1/STM32CubeIDE/plugins/com.st.stm32cube.ide.mcu.externaltools.gnu-tools-for-stm32.11.3.rel1.win32_1.1.0.202305231506/tools/bin/../lib/gcc/arm-none-eabi/11.3.1/../../../../arm-none-eabi/lib/thumb/v7e-m+dp/hard\libc_nano.a(libc_a-strdup_r.o)
                0x0000000008014770                _strdup_r
 .text.strncmp  0x000000000801479a       0x24 C:/ST/STM32CubeIDE_1.13.1/STM32CubeIDE/plugins/com.st.stm32cube.ide.mcu.externaltools.gnu-tools-for-stm32.11.3.rel1.win32_1.1.0.202305231506/tools/bin/../lib/gcc/arm-none-eabi/11.3.1/../../../../arm-none-eabi/lib/thumb/v7e-m+dp/hard\libc_nano.a(libc_a-strncmp.o)
                0x000000000801479a                strncmp
 .text.strrchr  0x00000000080147be       0x30 C:/ST/STM32CubeIDE_1.13.1/STM32CubeIDE/plugins/com.st.stm32cube.ide.mcu.externaltools.gnu-tools-for-stm32.11.3.rel1.win32_1.1.0.202305231506/tools/bin/../lib/gcc/arm-none-eabi/11.3.1/../../../../arm-none-eabi/lib/thumb/v7e-m+dp/hard\libc_nano.a(libc_a-strrchr.o)
                0x00000000080147be                strrchr
 *fill*         0x00000000080147ee        0x2 
 .text._close_r
                0x00000000080147f0       0x20 C:/ST/STM32CubeIDE_1.13.1/STM32CubeIDE/plugins/com.st.stm32cube.ide.mcu.externaltools.gnu-tools-for-stm32.11.3.rel1.win32_1.1.0.202305231506/tools/bin/../lib/gcc/arm-none-eabi/11.3.1/../../../../arm-none-eabi/lib/thumb/v7e-m+dp/hard\libc_nano.a(libc_a-closer.o)
                0x00000000080147f0                _close_r
 .text._lseek_r
                0x0000000008014810       0x24 C:/ST/STM32CubeIDE_1.13.1/STM32CubeIDE/plugins/com.st.stm32cube.ide.mcu.externaltools.gnu-tools-for-stm32.11.3.rel1.win32_1.1.0.202305231506/tools/bin/../lib/gcc/arm-none-eabi/11.3.1/../../../../arm-none-eabi/lib/thumb/v7e-m+dp/hard\libc_nano.a(libc_a-lseekr.o)
                0x0000000008014810                _lseek_r
 .text._read_r  0x0000000008014834       0x24 C:/ST/STM32CubeIDE_1.13.1/STM32CubeIDE/plugins/com.st.stm32cube.ide.mcu.externaltools.gnu-tools-for-stm32.11.3.rel1.win32_1.1.0.202305231506/tools/bin/../lib/gcc/arm-none-eabi/11.3.1/../../../../arm-none-eabi/lib/thumb/v7e-m+dp/hard\libc_nano.a(libc_a-readr.o)
                0x0000000008014834                _read_r
 .text._sbrk_r  0x0000000008014858       0x20 C:/ST/STM32CubeIDE_1.13.1/STM32CubeIDE/plugins/com.st.stm32cube.ide.mcu.externaltools.gnu-tools-for-stm32.11.3.rel1.win32_1.1.0.202305231506/tools/bin/../lib/gcc/arm-none-eabi/11.3.1/../../../../arm-none-eabi/lib/thumb/v7e-m+dp/hard\libc_nano.a(libc_a-sbrkr.o)
                0x0000000008014858                _sbrk_r
 .text._write_r
                0x0000000008014878       0x24 C:/ST/STM32CubeIDE_1.13.1/STM32CubeIDE/plugins/com.st.stm32cube.ide.mcu.externaltools.gnu-tools-for-stm32.11.3.rel1.win32_1.1.0.202305231506/tools/bin/../lib/gcc/arm-none-eabi/11.3.1/../../../../arm-none-eabi/lib/thumb/v7e-m+dp/hard\libc_nano.a(libc_a-writer.o)
                0x0000000008014878                _write_r
 .text.__errno  0x000000000801489c        0xc C:/ST/STM32CubeIDE_1.13.1/STM32CubeIDE/plugins/com.st.stm32cube.ide.mcu.externaltools.gnu-tools-for-stm32.11.3.rel1.win32_1.1.0.202305231506/tools/bin/../lib/gcc/arm-none-eabi/11.3.1/../../../../arm-none-eabi/lib/thumb/v7e-m+dp/hard\libc_nano.a(libc_a-errno.o)
                0x000000000801489c                __errno
 .text.__libc_init_array
                0x00000000080148a8       0x48 C:/ST/STM32CubeIDE_1.13.1/STM32CubeIDE/plugins/com.st.stm32cube.ide.mcu.externaltools.gnu-tools-for-stm32.11.3.rel1.win32_1.1.0.202305231506/tools/bin/../lib/gcc/arm-none-eabi/11.3.1/../../../../arm-none-eabi/lib/thumb/v7e-m+dp/hard\libc_nano.a(libc_a-init.o)
                0x00000000080148a8                __libc_init_array
 .text.__retarget_lock_acquire_recursive
                0x00000000080148f0        0x2 C:/ST/STM32CubeIDE_1.13.1/STM32CubeIDE/plugins/com.st.stm32cube.ide.mcu.externaltools.gnu-tools-for-stm32.11.3.rel1.win32_1.1.0.202305231506/tools/bin/../lib/gcc/arm-none-eabi/11.3.1/../../../../arm-none-eabi/lib/thumb/v7e-m+dp/hard\libc_nano.a(libc_a-lock.o)
                0x00000000080148f0                __retarget_lock_acquire_recursive
 .text.__retarget_lock_release_recursive
                0x00000000080148f2        0x2 C:/ST/STM32CubeIDE_1.13.1/STM32CubeIDE/plugins/com.st.stm32cube.ide.mcu.externaltools.gnu-tools-for-stm32.11.3.rel1.win32_1.1.0.202305231506/tools/bin/../lib/gcc/arm-none-eabi/11.3.1/../../../../arm-none-eabi/lib/thumb/v7e-m+dp/hard\libc_nano.a(libc_a-lock.o)
                0x00000000080148f2                __retarget_lock_release_recursive
 .text.strcpy   0x00000000080148f4       0x10 C:/ST/STM32CubeIDE_1.13.1/STM32CubeIDE/plugins/com.st.stm32cube.ide.mcu.externaltools.gnu-tools-for-stm32.11.3.rel1.win32_1.1.0.202305231506/tools/bin/../lib/gcc/arm-none-eabi/11.3.1/../../../../arm-none-eabi/lib/thumb/v7e-m+dp/hard\libc_nano.a(libc_a-strcpy.o)
                0x00000000080148f4                strcpy
 .text.memcpy   0x0000000008014904       0x1c C:/ST/STM32CubeIDE_1.13.1/STM32CubeIDE/plugins/com.st.stm32cube.ide.mcu.externaltools.gnu-tools-for-stm32.11.3.rel1.win32_1.1.0.202305231506/tools/bin/../lib/gcc/arm-none-eabi/11.3.1/../../../../arm-none-eabi/lib/thumb/v7e-m+dp/hard\libc_nano.a(libc_a-memcpy-stub.o)
                0x0000000008014904                memcpy
 .text.abort    0x0000000008014920        0xe C:/ST/STM32CubeIDE_1.13.1/STM32CubeIDE/plugins/com.st.stm32cube.ide.mcu.externaltools.gnu-tools-for-stm32.11.3.rel1.win32_1.1.0.202305231506/tools/bin/../lib/gcc/arm-none-eabi/11.3.1/../../../../arm-none-eabi/lib/thumb/v7e-m+dp/hard\libc_nano.a(libc_a-abort.o)
                0x0000000008014920                abort
 *fill*         0x000000000801492e        0x2 
 .text._free_r  0x0000000008014930       0x98 C:/ST/STM32CubeIDE_1.13.1/STM32CubeIDE/plugins/com.st.stm32cube.ide.mcu.externaltools.gnu-tools-for-stm32.11.3.rel1.win32_1.1.0.202305231506/tools/bin/../lib/gcc/arm-none-eabi/11.3.1/../../../../arm-none-eabi/lib/thumb/v7e-m+dp/hard\libc_nano.a(libc_a-freer.o)
                0x0000000008014930                _free_r
 .text.__sfputc_r
                0x00000000080149c8       0x2e C:/ST/STM32CubeIDE_1.13.1/STM32CubeIDE/plugins/com.st.stm32cube.ide.mcu.externaltools.gnu-tools-for-stm32.11.3.rel1.win32_1.1.0.202305231506/tools/bin/../lib/gcc/arm-none-eabi/11.3.1/../../../../arm-none-eabi/lib/thumb/v7e-m+dp/hard\libc_nano.a(libc_a-nano-vfprintf.o)
 .text.__sfputs_r
                0x00000000080149f6       0x24 C:/ST/STM32CubeIDE_1.13.1/STM32CubeIDE/plugins/com.st.stm32cube.ide.mcu.externaltools.gnu-tools-for-stm32.11.3.rel1.win32_1.1.0.202305231506/tools/bin/../lib/gcc/arm-none-eabi/11.3.1/../../../../arm-none-eabi/lib/thumb/v7e-m+dp/hard\libc_nano.a(libc_a-nano-vfprintf.o)
                0x00000000080149f6                __sfputs_r
 *fill*         0x0000000008014a1a        0x2 
 .text._vfprintf_r
                0x0000000008014a1c      0x234 C:/ST/STM32CubeIDE_1.13.1/STM32CubeIDE/plugins/com.st.stm32cube.ide.mcu.externaltools.gnu-tools-for-stm32.11.3.rel1.win32_1.1.0.202305231506/tools/bin/../lib/gcc/arm-none-eabi/11.3.1/../../../../arm-none-eabi/lib/thumb/v7e-m+dp/hard\libc_nano.a(libc_a-nano-vfprintf.o)
                0x0000000008014a1c                _vfprintf_r
                0x0000000008014a1c                _vfiprintf_r
 .text._printf_common
                0x0000000008014c50       0xda C:/ST/STM32CubeIDE_1.13.1/STM32CubeIDE/plugins/com.st.stm32cube.ide.mcu.externaltools.gnu-tools-for-stm32.11.3.rel1.win32_1.1.0.202305231506/tools/bin/../lib/gcc/arm-none-eabi/11.3.1/../../../../arm-none-eabi/lib/thumb/v7e-m+dp/hard\libc_nano.a(libc_a-nano-vfprintf_i.o)
                0x0000000008014c50                _printf_common
 *fill*         0x0000000008014d2a        0x2 
 .text._printf_i
                0x0000000008014d2c      0x244 C:/ST/STM32CubeIDE_1.13.1/STM32CubeIDE/plugins/com.st.stm32cube.ide.mcu.externaltools.gnu-tools-for-stm32.11.3.rel1.win32_1.1.0.202305231506/tools/bin/../lib/gcc/arm-none-eabi/11.3.1/../../../../arm-none-eabi/lib/thumb/v7e-m+dp/hard\libc_nano.a(libc_a-nano-vfprintf_i.o)
                0x0000000008014d2c                _printf_i
 .text.__sflush_r
                0x0000000008014f70      0x10c C:/ST/STM32CubeIDE_1.13.1/STM32CubeIDE/plugins/com.st.stm32cube.ide.mcu.externaltools.gnu-tools-for-stm32.11.3.rel1.win32_1.1.0.202305231506/tools/bin/../lib/gcc/arm-none-eabi/11.3.1/../../../../arm-none-eabi/lib/thumb/v7e-m+dp/hard\libc_nano.a(libc_a-fflush.o)
                0x0000000008014f70                __sflush_r
 .text._fflush_r
                0x000000000801507c       0x50 C:/ST/STM32CubeIDE_1.13.1/STM32CubeIDE/plugins/com.st.stm32cube.ide.mcu.externaltools.gnu-tools-for-stm32.11.3.rel1.win32_1.1.0.202305231506/tools/bin/../lib/gcc/arm-none-eabi/11.3.1/../../../../arm-none-eabi/lib/thumb/v7e-m+dp/hard\libc_nano.a(libc_a-fflush.o)
                0x000000000801507c                _fflush_r
 .text.__swhatbuf_r
                0x00000000080150cc       0x4c C:/ST/STM32CubeIDE_1.13.1/STM32CubeIDE/plugins/com.st.stm32cube.ide.mcu.externaltools.gnu-tools-for-stm32.11.3.rel1.win32_1.1.0.202305231506/tools/bin/../lib/gcc/arm-none-eabi/11.3.1/../../../../arm-none-eabi/lib/thumb/v7e-m+dp/hard\libc_nano.a(libc_a-makebuf.o)
                0x00000000080150cc                __swhatbuf_r
 .text.__smakebuf_r
                0x0000000008015118       0x78 C:/ST/STM32CubeIDE_1.13.1/STM32CubeIDE/plugins/com.st.stm32cube.ide.mcu.externaltools.gnu-tools-for-stm32.11.3.rel1.win32_1.1.0.202305231506/tools/bin/../lib/gcc/arm-none-eabi/11.3.1/../../../../arm-none-eabi/lib/thumb/v7e-m+dp/hard\libc_nano.a(libc_a-makebuf.o)
                0x0000000008015118                __smakebuf_r
 .text._putc_r  0x0000000008015190       0x68 C:/ST/STM32CubeIDE_1.13.1/STM32CubeIDE/plugins/com.st.stm32cube.ide.mcu.externaltools.gnu-tools-for-stm32.11.3.rel1.win32_1.1.0.202305231506/tools/bin/../lib/gcc/arm-none-eabi/11.3.1/../../../../arm-none-eabi/lib/thumb/v7e-m+dp/hard\libc_nano.a(libc_a-putc.o)
                0x0000000008015190                _putc_r
 .text._raise_r
                0x00000000080151f8       0x50 C:/ST/STM32CubeIDE_1.13.1/STM32CubeIDE/plugins/com.st.stm32cube.ide.mcu.externaltools.gnu-tools-for-stm32.11.3.rel1.win32_1.1.0.202305231506/tools/bin/../lib/gcc/arm-none-eabi/11.3.1/../../../../arm-none-eabi/lib/thumb/v7e-m+dp/hard\libc_nano.a(libc_a-signal.o)
                0x00000000080151f8                _raise_r
 .text.raise    0x0000000008015248       0x10 C:/ST/STM32CubeIDE_1.13.1/STM32CubeIDE/plugins/com.st.stm32cube.ide.mcu.externaltools.gnu-tools-for-stm32.11.3.rel1.win32_1.1.0.202305231506/tools/bin/../lib/gcc/arm-none-eabi/11.3.1/../../../../arm-none-eabi/lib/thumb/v7e-m+dp/hard\libc_nano.a(libc_a-signal.o)
                0x0000000008015248                raise
 .text._fstat_r
                0x0000000008015258       0x24 C:/ST/STM32CubeIDE_1.13.1/STM32CubeIDE/plugins/com.st.stm32cube.ide.mcu.externaltools.gnu-tools-for-stm32.11.3.rel1.win32_1.1.0.202305231506/tools/bin/../lib/gcc/arm-none-eabi/11.3.1/../../../../arm-none-eabi/lib/thumb/v7e-m+dp/hard\libc_nano.a(libc_a-fstatr.o)
                0x0000000008015258                _fstat_r
 .text._isatty_r
                0x000000000801527c       0x20 C:/ST/STM32CubeIDE_1.13.1/STM32CubeIDE/plugins/com.st.stm32cube.ide.mcu.externaltools.gnu-tools-for-stm32.11.3.rel1.win32_1.1.0.202305231506/tools/bin/../lib/gcc/arm-none-eabi/11.3.1/../../../../arm-none-eabi/lib/thumb/v7e-m+dp/hard\libc_nano.a(libc_a-isattyr.o)
                0x000000000801527c                _isatty_r
 .text._kill_r  0x000000000801529c       0x24 C:/ST/STM32CubeIDE_1.13.1/STM32CubeIDE/plugins/com.st.stm32cube.ide.mcu.externaltools.gnu-tools-for-stm32.11.3.rel1.win32_1.1.0.202305231506/tools/bin/../lib/gcc/arm-none-eabi/11.3.1/../../../../arm-none-eabi/lib/thumb/v7e-m+dp/hard\libc_nano.a(libc_a-signalr.o)
                0x000000000801529c                _kill_r
 .text._getpid_r
                0x00000000080152c0        0x4 C:/ST/STM32CubeIDE_1.13.1/STM32CubeIDE/plugins/com.st.stm32cube.ide.mcu.externaltools.gnu-tools-for-stm32.11.3.rel1.win32_1.1.0.202305231506/tools/bin/../lib/gcc/arm-none-eabi/11.3.1/../../../../arm-none-eabi/lib/thumb/v7e-m+dp/hard\libc_nano.a(libc_a-signalr.o)
                0x00000000080152c0                _getpid_r
 *(.glue_7)
 .glue_7        0x00000000080152c4        0x0 linker stubs
 *(.glue_7t)
 .glue_7t       0x00000000080152c4        0x0 linker stubs
 *(.eh_frame)
 .eh_frame      0x00000000080152c4        0x0 C:/ST/STM32CubeIDE_1.13.1/STM32CubeIDE/plugins/com.st.stm32cube.ide.mcu.externaltools.gnu-tools-for-stm32.11.3.rel1.win32_1.1.0.202305231506/tools/bin/../lib/gcc/arm-none-eabi/11.3.1/thumb/v7e-m+dp/hard/crtbegin.o
 *(.init)
 .init          0x00000000080152c4        0x4 C:/ST/STM32CubeIDE_1.13.1/STM32CubeIDE/plugins/com.st.stm32cube.ide.mcu.externaltools.gnu-tools-for-stm32.11.3.rel1.win32_1.1.0.202305231506/tools/bin/../lib/gcc/arm-none-eabi/11.3.1/thumb/v7e-m+dp/hard/crti.o
                0x00000000080152c4                _init
 .init          0x00000000080152c8        0x8 C:/ST/STM32CubeIDE_1.13.1/STM32CubeIDE/plugins/com.st.stm32cube.ide.mcu.externaltools.gnu-tools-for-stm32.11.3.rel1.win32_1.1.0.202305231506/tools/bin/../lib/gcc/arm-none-eabi/11.3.1/thumb/v7e-m+dp/hard/crtn.o
 *(.fini)
 .fini          0x00000000080152d0        0x4 C:/ST/STM32CubeIDE_1.13.1/STM32CubeIDE/plugins/com.st.stm32cube.ide.mcu.externaltools.gnu-tools-for-stm32.11.3.rel1.win32_1.1.0.202305231506/tools/bin/../lib/gcc/arm-none-eabi/11.3.1/thumb/v7e-m+dp/hard/crti.o
                0x00000000080152d0                _fini
 .fini          0x00000000080152d4        0x8 C:/ST/STM32CubeIDE_1.13.1/STM32CubeIDE/plugins/com.st.stm32cube.ide.mcu.externaltools.gnu-tools-for-stm32.11.3.rel1.win32_1.1.0.202305231506/tools/bin/../lib/gcc/arm-none-eabi/11.3.1/thumb/v7e-m+dp/hard/crtn.o
                0x00000000080152dc                . = ALIGN (0x4)
                0x00000000080152dc                _etext = .

.vfp11_veneer   0x00000000080152dc        0x0
 .vfp11_veneer  0x00000000080152dc        0x0 linker stubs

.v4_bx          0x00000000080152dc        0x0
 .v4_bx         0x00000000080152dc        0x0 linker stubs

.iplt           0x00000000080152dc        0x0
 .iplt          0x00000000080152dc        0x0 C:/ST/STM32CubeIDE_1.13.1/STM32CubeIDE/plugins/com.st.stm32cube.ide.mcu.externaltools.gnu-tools-for-stm32.11.3.rel1.win32_1.1.0.202305231506/tools/bin/../lib/gcc/arm-none-eabi/11.3.1/thumb/v7e-m+dp/hard/crtbegin.o

.rodata         0x00000000080152e0     0x3088
                0x00000000080152e0                . = ALIGN (0x4)
 *(.rodata)
 .rodata        0x00000000080152e0      0x15e ./Core/Src/main.o
 *fill*         0x000000000801543e        0x2 
 .rodata        0x0000000008015440     0x184d ./Core/Src/mongoose.o
 *fill*         0x0000000008016c8d        0x3 
 .rodata        0x0000000008016c90      0x6c4 ./Core/Src/net.o
 .rodata        0x0000000008017354       0x15 ./Core/Src/packed_fs.o
 *(.rodata*)
 *fill*         0x0000000008017369        0x3 
 .rodata.__func__.2